2025-07-02T19:25:39.8929517Z Current runner version: '2.325.0'
2025-07-02T19:25:39.8953704Z ##[group]Operating System
2025-07-02T19:25:39.8954462Z Ubuntu
2025-07-02T19:25:39.8955047Z 24.04.2
2025-07-02T19:25:39.8955495Z LTS
2025-07-02T19:25:39.8955983Z ##[endgroup]
2025-07-02T19:25:39.8956561Z ##[group]Runner Image
2025-07-02T19:25:39.8957151Z Image: ubuntu-24.04
2025-07-02T19:25:39.8957688Z Version: 20250629.1.0
2025-07-02T19:25:39.8958714Z Included Software: https://github.com/actions/runner-images/blob/ubuntu24/20250629.1/images/ubuntu/Ubuntu2404-Readme.md
2025-07-02T19:25:39.8960386Z Image Release: https://github.com/actions/runner-images/releases/tag/ubuntu24%2F20250629.1
2025-07-02T19:25:39.8961401Z ##[endgroup]
2025-07-02T19:25:39.8961994Z ##[group]Runner Image Provisioner
2025-07-02T19:25:39.8962635Z 2.0.449.1
2025-07-02T19:25:39.8963069Z ##[endgroup]
2025-07-02T19:25:39.8964179Z ##[group]GITHUB_TOKEN Permissions
2025-07-02T19:25:39.8966128Z Contents: read
2025-07-02T19:25:39.8966648Z Metadata: read
2025-07-02T19:25:39.8967440Z Packages: read
2025-07-02T19:25:39.8967983Z ##[endgroup]
2025-07-02T19:25:39.8970033Z Secret source: Actions
2025-07-02T19:25:39.8970706Z Prepare workflow directory
2025-07-02T19:25:39.9412056Z Prepare all required actions
2025-07-02T19:25:39.9449230Z Getting action download info
2025-07-02T19:25:40.3642950Z ##[group]Download immutable action package 'actions/checkout@v4'
2025-07-02T19:25:40.3644135Z Version: 4.2.2
2025-07-02T19:25:40.3645218Z Digest: sha256:ccb2698953eaebd21c7bf6268a94f9c26518a7e38e27e0b83c1fe1ad049819b1
2025-07-02T19:25:40.3646567Z Source commit SHA: 11bd71901bbe5b1630ceea73d27597364c9af683
2025-07-02T19:25:40.3647715Z ##[endgroup]
2025-07-02T19:25:40.4530839Z ##[group]Download immutable action package 'actions/setup-python@v4'
2025-07-02T19:25:40.4531967Z Version: 4.9.1
2025-07-02T19:25:40.4532882Z Digest: sha256:f03e505388af670b5a108629e0ba26befc08d5c62b41f46146a45fe29ae509a5
2025-07-02T19:25:40.4533914Z Source commit SHA: 7f4fc3e22c37d6ff65e88745f38bd3157c663f7c
2025-07-02T19:25:40.4534643Z ##[endgroup]
2025-07-02T19:25:40.8439131Z ##[group]Download immutable action package 'actions/cache@v3'
2025-07-02T19:25:40.8439958Z Version: 3.4.3
2025-07-02T19:25:40.8440729Z Digest: sha256:912f76fb11db1ca09ae23248a39eb86e79ea0f0f6e183d9cb96d0b778eeea4e2
2025-07-02T19:25:40.8442272Z Source commit SHA: 2f8e54208210a422b2efd51efaa6bd6d7ca8920f
2025-07-02T19:25:40.8443026Z ##[endgroup]
2025-07-02T19:25:41.0391849Z Download action repository 'codecov/codecov-action@v3' (SHA:ab904c41d6ece82784817410c45d8b8c02684457)
2025-07-02T19:25:41.8724428Z Complete job name: test
2025-07-02T19:25:41.9264451Z ##[group]Checking docker version
2025-07-02T19:25:41.9278162Z ##[command]/usr/bin/docker version --format '{{.Server.APIVersion}}'
2025-07-02T19:25:41.9823878Z '1.48'
2025-07-02T19:25:41.9839198Z Docker daemon API version: '1.48'
2025-07-02T19:25:41.9840665Z ##[command]/usr/bin/docker version --format '{{.Client.APIVersion}}'
2025-07-02T19:25:41.9994399Z '1.48'
2025-07-02T19:25:42.0007989Z Docker client API version: '1.48'
2025-07-02T19:25:42.0013902Z ##[endgroup]
2025-07-02T19:25:42.0017067Z ##[group]Clean up resources from previous jobs
2025-07-02T19:25:42.0023817Z ##[command]/usr/bin/docker ps --all --quiet --no-trunc --filter "label=ccde75"
2025-07-02T19:25:42.0160144Z ##[command]/usr/bin/docker network prune --force --filter "label=ccde75"
2025-07-02T19:25:42.0285927Z ##[endgroup]
2025-07-02T19:25:42.0286816Z ##[group]Create local container network
2025-07-02T19:25:42.0297503Z ##[command]/usr/bin/docker network create --label ccde75 github_network_9783614050674ea4b32cfa30758fe4e0
2025-07-02T19:25:42.0811276Z 6648994cf4960b4cdf901d732cace6bdfded88bc3f178f8bb3dc6aa56ed5b315
2025-07-02T19:25:42.0833271Z ##[endgroup]
2025-07-02T19:25:42.0858186Z ##[group]Starting postgres service container
2025-07-02T19:25:42.0877331Z ##[command]/usr/bin/docker pull postgres:13
2025-07-02T19:25:42.9782337Z 13: Pulling from library/postgres
2025-07-02T19:25:43.1939436Z 3da95a905ed5: Pulling fs layer
2025-07-02T19:25:43.1940036Z 194596013f30: Pulling fs layer
2025-07-02T19:25:43.1940876Z f268e92e0225: Pulling fs layer
2025-07-02T19:25:43.1941435Z c43e5250dbb4: Pulling fs layer
2025-07-02T19:25:43.1941810Z 2ba9ca503002: Pulling fs layer
2025-07-02T19:25:43.1942179Z 99280412a2b8: Pulling fs layer
2025-07-02T19:25:43.1942565Z e3175951a615: Pulling fs layer
2025-07-02T19:25:43.1942923Z 09be008912e0: Pulling fs layer
2025-07-02T19:25:43.1943292Z af6894085a5e: Pulling fs layer
2025-07-02T19:25:43.1943645Z 04f969030a13: Pulling fs layer
2025-07-02T19:25:43.1943989Z e7c55a8a5cb0: Pulling fs layer
2025-07-02T19:25:43.1944372Z f8706a3bfaff: Pulling fs layer
2025-07-02T19:25:43.1944725Z ca07d2d3880e: Pulling fs layer
2025-07-02T19:25:43.1945099Z bae21d055005: Pulling fs layer
2025-07-02T19:25:43.1945464Z 99280412a2b8: Waiting
2025-07-02T19:25:43.1945767Z e3175951a615: Waiting
2025-07-02T19:25:43.1946099Z 09be008912e0: Waiting
2025-07-02T19:25:43.1946409Z af6894085a5e: Waiting
2025-07-02T19:25:43.1946713Z 04f969030a13: Waiting
2025-07-02T19:25:43.1947034Z e7c55a8a5cb0: Waiting
2025-07-02T19:25:43.1947222Z c43e5250dbb4: Waiting
2025-07-02T19:25:43.1947539Z bae21d055005: Waiting
2025-07-02T19:25:43.1947835Z 2ba9ca503002: Waiting
2025-07-02T19:25:43.1948245Z ca07d2d3880e: Waiting
2025-07-02T19:25:43.4997802Z 194596013f30: Verifying Checksum
2025-07-02T19:25:43.4998339Z 194596013f30: Download complete
2025-07-02T19:25:43.6307987Z f268e92e0225: Verifying Checksum
2025-07-02T19:25:43.6308482Z f268e92e0225: Download complete
2025-07-02T19:25:43.8443567Z c43e5250dbb4: Verifying Checksum
2025-07-02T19:25:43.8444220Z c43e5250dbb4: Download complete
2025-07-02T19:25:43.9120090Z 3da95a905ed5: Verifying Checksum
2025-07-02T19:25:43.9121293Z 3da95a905ed5: Download complete
2025-07-02T19:25:44.0686217Z 2ba9ca503002: Verifying Checksum
2025-07-02T19:25:44.0686758Z 2ba9ca503002: Download complete
2025-07-02T19:25:44.1846231Z e3175951a615: Verifying Checksum
2025-07-02T19:25:44.1852644Z e3175951a615: Download complete
2025-07-02T19:25:44.2132917Z 99280412a2b8: Verifying Checksum
2025-07-02T19:25:44.2133771Z 99280412a2b8: Download complete
2025-07-02T19:25:44.3632447Z 09be008912e0: Verifying Checksum
2025-07-02T19:25:44.3632938Z 09be008912e0: Download complete
2025-07-02T19:25:44.5135294Z 04f969030a13: Verifying Checksum
2025-07-02T19:25:44.5135863Z 04f969030a13: Download complete
2025-07-02T19:25:44.6523565Z e7c55a8a5cb0: Verifying Checksum
2025-07-02T19:25:44.6524075Z e7c55a8a5cb0: Download complete
2025-07-02T19:25:44.8302348Z f8706a3bfaff: Verifying Checksum
2025-07-02T19:25:44.8303031Z f8706a3bfaff: Download complete
2025-07-02T19:25:44.9357487Z ca07d2d3880e: Verifying Checksum
2025-07-02T19:25:44.9358104Z ca07d2d3880e: Download complete
2025-07-02T19:25:45.0411944Z 3da95a905ed5: Pull complete
2025-07-02T19:25:45.1366126Z bae21d055005: Verifying Checksum
2025-07-02T19:25:45.1366497Z bae21d055005: Download complete
2025-07-02T19:25:45.2776618Z 194596013f30: Pull complete
2025-07-02T19:25:45.3968604Z af6894085a5e: Verifying Checksum
2025-07-02T19:25:45.3968932Z af6894085a5e: Download complete
2025-07-02T19:25:45.4428704Z f268e92e0225: Pull complete
2025-07-02T19:25:45.4894211Z c43e5250dbb4: Pull complete
2025-07-02T19:25:45.7988204Z 2ba9ca503002: Pull complete
2025-07-02T19:25:45.8802572Z 99280412a2b8: Pull complete
2025-07-02T19:25:45.8882715Z e3175951a615: Pull complete
2025-07-02T19:25:45.8977429Z 09be008912e0: Pull complete
2025-07-02T19:25:48.6536386Z af6894085a5e: Pull complete
2025-07-02T19:25:48.6677056Z 04f969030a13: Pull complete
2025-07-02T19:25:48.6780416Z e7c55a8a5cb0: Pull complete
2025-07-02T19:25:48.6879244Z f8706a3bfaff: Pull complete
2025-07-02T19:25:48.6979374Z ca07d2d3880e: Pull complete
2025-07-02T19:25:48.7076574Z bae21d055005: Pull complete
2025-07-02T19:25:48.7116590Z Digest: sha256:b5a2a475dec30df4835184909451b89e5a2e87d90e69e1c905ace8b941bbbdf4
2025-07-02T19:25:48.7127655Z Status: Downloaded newer image for postgres:13
2025-07-02T19:25:48.7142378Z docker.io/library/postgres:13
2025-07-02T19:25:48.7201051Z ##[command]/usr/bin/docker create --name f26036827ff041e1b0d13f11f7882758_postgres13_ea9b25 --label ccde75 --network github_network_9783614050674ea4b32cfa30758fe4e0 --network-alias postgres -p 5432:5432 --health-cmd pg_isready --health-interval 10s --health-timeout 5s --health-retries 5 -e "POSTGRES_PASSWORD=postgres" -e "POSTGRES_USER=postgres" -e "POSTGRES_DB=test_campusconnect" -e GITHUB_ACTIONS=true -e CI=true postgres:13
2025-07-02T19:25:48.7454873Z 6f89fbc8966031f254f29c3574adeddb04633544c7f97c32eae014a090bf8f91
2025-07-02T19:25:48.7478322Z ##[command]/usr/bin/docker start 6f89fbc8966031f254f29c3574adeddb04633544c7f97c32eae014a090bf8f91
2025-07-02T19:25:48.9255900Z 6f89fbc8966031f254f29c3574adeddb04633544c7f97c32eae014a090bf8f91
2025-07-02T19:25:48.9285176Z ##[command]/usr/bin/docker ps --all --filter id=6f89fbc8966031f254f29c3574adeddb04633544c7f97c32eae014a090bf8f91 --filter status=running --no-trunc --format "{{.ID}} {{.Status}}"
2025-07-02T19:25:48.9412311Z 6f89fbc8966031f254f29c3574adeddb04633544c7f97c32eae014a090bf8f91 Up Less than a second (health: starting)
2025-07-02T19:25:48.9434396Z ##[command]/usr/bin/docker port 6f89fbc8966031f254f29c3574adeddb04633544c7f97c32eae014a090bf8f91
2025-07-02T19:25:48.9565944Z 5432/tcp -> 0.0.0.0:5432
2025-07-02T19:25:48.9571302Z 5432/tcp -> [::]:5432
2025-07-02T19:25:48.9619352Z ##[endgroup]
2025-07-02T19:25:48.9627905Z ##[group]Waiting for all services to be ready
2025-07-02T19:25:48.9640788Z ##[command]/usr/bin/docker inspect --format="{{if .Config.Healthcheck}}{{print .State.Health.Status}}{{end}}" 6f89fbc8966031f254f29c3574adeddb04633544c7f97c32eae014a090bf8f91
2025-07-02T19:25:48.9776642Z starting
2025-07-02T19:25:48.9801771Z postgres service is starting, waiting 2 seconds before checking again.
2025-07-02T19:25:50.9808709Z ##[command]/usr/bin/docker inspect --format="{{if .Config.Healthcheck}}{{print .State.Health.Status}}{{end}}" 6f89fbc8966031f254f29c3574adeddb04633544c7f97c32eae014a090bf8f91
2025-07-02T19:25:50.9930854Z starting
2025-07-02T19:25:50.9944234Z postgres service is starting, waiting 3 seconds before checking again.
2025-07-02T19:25:54.9399887Z ##[command]/usr/bin/docker inspect --format="{{if .Config.Healthcheck}}{{print .State.Health.Status}}{{end}}" 6f89fbc8966031f254f29c3574adeddb04633544c7f97c32eae014a090bf8f91
2025-07-02T19:25:54.9522009Z starting
2025-07-02T19:25:54.9539643Z postgres service is starting, waiting 7 seconds before checking again.
2025-07-02T19:26:02.5998679Z ##[command]/usr/bin/docker inspect --format="{{if .Config.Healthcheck}}{{print .State.Health.Status}}{{end}}" 6f89fbc8966031f254f29c3574adeddb04633544c7f97c32eae014a090bf8f91
2025-07-02T19:26:02.6120872Z healthy
2025-07-02T19:26:02.6138010Z postgres service is healthy.
2025-07-02T19:26:02.6138677Z ##[endgroup]
2025-07-02T19:26:02.6436267Z ##[group]Run actions/checkout@v4
2025-07-02T19:26:02.6437353Z with:
2025-07-02T19:26:02.6437679Z   repository: cekwedike/campus-connect
2025-07-02T19:26:02.6438336Z   token: ***
2025-07-02T19:26:02.6438634Z   ssh-strict: true
2025-07-02T19:26:02.6438953Z   ssh-user: git
2025-07-02T19:26:02.6439348Z   persist-credentials: true
2025-07-02T19:26:02.6439706Z   clean: true
2025-07-02T19:26:02.6440008Z   sparse-checkout-cone-mode: true
2025-07-02T19:26:02.6440377Z   fetch-depth: 1
2025-07-02T19:26:02.6440625Z   fetch-tags: false
2025-07-02T19:26:02.6440802Z   show-progress: true
2025-07-02T19:26:02.6440987Z   lfs: false
2025-07-02T19:26:02.6441363Z   submodules: false
2025-07-02T19:26:02.6441555Z   set-safe-directory: true
2025-07-02T19:26:02.6442335Z ##[endgroup]
2025-07-02T19:26:02.8083433Z Syncing repository: cekwedike/campus-connect
2025-07-02T19:26:02.8084863Z ##[group]Getting Git version info
2025-07-02T19:26:02.8085310Z Working directory is '/home/runner/work/campus-connect/campus-connect'
2025-07-02T19:26:02.8085853Z [command]/usr/bin/git version
2025-07-02T19:26:02.8137566Z git version 2.49.0
2025-07-02T19:26:02.8166120Z ##[endgroup]
2025-07-02T19:26:02.8186464Z Temporarily overriding HOME='/home/runner/work/_temp/f81f128d-26d9-4f63-b0ed-0b85f05393c4' before making global git config changes
2025-07-02T19:26:02.8187519Z Adding repository directory to the temporary git global config as a safe directory
2025-07-02T19:26:02.8191888Z [command]/usr/bin/git config --global --add safe.directory /home/runner/work/campus-connect/campus-connect
2025-07-02T19:26:02.8225208Z Deleting the contents of '/home/runner/work/campus-connect/campus-connect'
2025-07-02T19:26:02.8228397Z ##[group]Initializing the repository
2025-07-02T19:26:02.8232875Z [command]/usr/bin/git init /home/runner/work/campus-connect/campus-connect
2025-07-02T19:26:02.8288921Z hint: Using 'master' as the name for the initial branch. This default branch name
2025-07-02T19:26:02.8289752Z hint: is subject to change. To configure the initial branch name to use in all
2025-07-02T19:26:02.8290276Z hint: of your new repositories, which will suppress this warning, call:
2025-07-02T19:26:02.8290786Z hint:
2025-07-02T19:26:02.8291922Z hint: 	git config --global init.defaultBranch <name>
2025-07-02T19:26:02.8292462Z hint:
2025-07-02T19:26:02.8292950Z hint: Names commonly chosen instead of 'master' are 'main', 'trunk' and
2025-07-02T19:26:02.8293852Z hint: 'development'. The just-created branch can be renamed via this command:
2025-07-02T19:26:02.8294507Z hint:
2025-07-02T19:26:02.8294830Z hint: 	git branch -m <name>
2025-07-02T19:26:02.8295576Z Initialized empty Git repository in /home/runner/work/campus-connect/campus-connect/.git/
2025-07-02T19:26:02.8305592Z [command]/usr/bin/git remote add origin https://github.com/cekwedike/campus-connect
2025-07-02T19:26:02.8336471Z ##[endgroup]
2025-07-02T19:26:02.8336954Z ##[group]Disabling automatic garbage collection
2025-07-02T19:26:02.8340801Z [command]/usr/bin/git config --local gc.auto 0
2025-07-02T19:26:02.8368327Z ##[endgroup]
2025-07-02T19:26:02.8368791Z ##[group]Setting up auth
2025-07-02T19:26:02.8375601Z [command]/usr/bin/git config --local --name-only --get-regexp core\.sshCommand
2025-07-02T19:26:02.8404892Z [command]/usr/bin/git submodule foreach --recursive sh -c "git config --local --name-only --get-regexp 'core\.sshCommand' && git config --local --unset-all 'core.sshCommand' || :"
2025-07-02T19:26:02.8679100Z [command]/usr/bin/git config --local --name-only --get-regexp http\.https\:\/\/github\.com\/\.extraheader
2025-07-02T19:26:02.8709515Z [command]/usr/bin/git submodule foreach --recursive sh -c "git config --local --name-only --get-regexp 'http\.https\:\/\/github\.com\/\.extraheader' && git config --local --unset-all 'http.https://github.com/.extraheader' || :"
2025-07-02T19:26:02.8931053Z [command]/usr/bin/git config --local http.https://github.com/.extraheader AUTHORIZATION: basic ***
2025-07-02T19:26:02.8965680Z ##[endgroup]
2025-07-02T19:26:02.8966632Z ##[group]Fetching the repository
2025-07-02T19:26:02.8975225Z [command]/usr/bin/git -c protocol.version=2 fetch --no-tags --prune --no-recurse-submodules --depth=1 origin +bb7378321abf3915d96acf2afa21404449d8c633:refs/remotes/origin/main
2025-07-02T19:26:03.5157966Z From https://github.com/cekwedike/campus-connect
2025-07-02T19:26:03.5158650Z  * [new ref]         bb7378321abf3915d96acf2afa21404449d8c633 -> origin/main
2025-07-02T19:26:03.5184733Z ##[endgroup]
2025-07-02T19:26:03.5185291Z ##[group]Determining the checkout info
2025-07-02T19:26:03.5187719Z ##[endgroup]
2025-07-02T19:26:03.5193463Z [command]/usr/bin/git sparse-checkout disable
2025-07-02T19:26:03.5232429Z [command]/usr/bin/git config --local --unset-all extensions.worktreeConfig
2025-07-02T19:26:03.5258041Z ##[group]Checking out the ref
2025-07-02T19:26:03.5262027Z [command]/usr/bin/git checkout --progress --force -B main refs/remotes/origin/main
2025-07-02T19:26:03.5325404Z Switched to a new branch 'main'
2025-07-02T19:26:03.5328365Z branch 'main' set up to track 'origin/main'.
2025-07-02T19:26:03.5333524Z ##[endgroup]
2025-07-02T19:26:03.5366913Z [command]/usr/bin/git log -1 --format=%H
2025-07-02T19:26:03.5388854Z bb7378321abf3915d96acf2afa21404449d8c633
2025-07-02T19:26:03.5592767Z ##[group]Run actions/setup-python@v4
2025-07-02T19:26:03.5593028Z with:
2025-07-02T19:26:03.5593202Z   python-version: 3.11
2025-07-02T19:26:03.5593571Z   check-latest: false
2025-07-02T19:26:03.5593857Z   token: ***
2025-07-02T19:26:03.5594031Z   update-environment: true
2025-07-02T19:26:03.5594246Z   allow-prereleases: false
2025-07-02T19:26:03.5594449Z ##[endgroup]
2025-07-02T19:26:03.7260118Z ##[group]Installed versions
2025-07-02T19:26:03.7328928Z Successfully set up CPython (3.11.13)
2025-07-02T19:26:03.7329686Z ##[endgroup]
2025-07-02T19:26:03.8200690Z ##[group]Run actions/cache@v3
2025-07-02T19:26:03.8200945Z with:
2025-07-02T19:26:03.8201556Z   path: ~/.cache/pip
2025-07-02T19:26:03.8202035Z   key: Linux-pip-11fbd50456a909e0647dd8eb566ca561b46e6e58352de6345daa0f3d744bfef3
2025-07-02T19:26:03.8202431Z   restore-keys: Linux-pip-

2025-07-02T19:26:03.8202651Z   enableCrossOsArchive: false
2025-07-02T19:26:03.8202871Z   fail-on-cache-miss: false
2025-07-02T19:26:03.8203066Z   lookup-only: false
2025-07-02T19:26:03.8203243Z env:
2025-07-02T19:26:03.8203464Z   pythonLocation: /opt/hostedtoolcache/Python/3.11.13/x64
2025-07-02T19:26:03.8203885Z   PKG_CONFIG_PATH: /opt/hostedtoolcache/Python/3.11.13/x64/lib/pkgconfig
2025-07-02T19:26:03.8204276Z   Python_ROOT_DIR: /opt/hostedtoolcache/Python/3.11.13/x64
2025-07-02T19:26:03.8204608Z   Python2_ROOT_DIR: /opt/hostedtoolcache/Python/3.11.13/x64
2025-07-02T19:26:03.8204945Z   Python3_ROOT_DIR: /opt/hostedtoolcache/Python/3.11.13/x64
2025-07-02T19:26:03.8205326Z   LD_LIBRARY_PATH: /opt/hostedtoolcache/Python/3.11.13/x64/lib
2025-07-02T19:26:03.8205606Z ##[endgroup]
2025-07-02T19:26:04.2037620Z Cache not found for input keys: Linux-pip-11fbd50456a909e0647dd8eb566ca561b46e6e58352de6345daa0f3d744bfef3, Linux-pip-
2025-07-02T19:26:04.2133787Z ##[group]Run python -m pip install --upgrade pip
2025-07-02T19:26:04.2134187Z [36;1mpython -m pip install --upgrade pip[0m
2025-07-02T19:26:04.2134554Z [36;1mpip install flake8 black pytest pytest-cov pytest-asyncio[0m
2025-07-02T19:26:04.2134908Z [36;1mpip install -r backend/requirements.txt[0m
2025-07-02T19:26:04.2228356Z shell: /usr/bin/bash -e {0}
2025-07-02T19:26:04.2228616Z env:
2025-07-02T19:26:04.2228869Z   pythonLocation: /opt/hostedtoolcache/Python/3.11.13/x64
2025-07-02T19:26:04.2229280Z   PKG_CONFIG_PATH: /opt/hostedtoolcache/Python/3.11.13/x64/lib/pkgconfig
2025-07-02T19:26:04.2229686Z   Python_ROOT_DIR: /opt/hostedtoolcache/Python/3.11.13/x64
2025-07-02T19:26:04.2230035Z   Python2_ROOT_DIR: /opt/hostedtoolcache/Python/3.11.13/x64
2025-07-02T19:26:04.2230386Z   Python3_ROOT_DIR: /opt/hostedtoolcache/Python/3.11.13/x64
2025-07-02T19:26:04.2230730Z   LD_LIBRARY_PATH: /opt/hostedtoolcache/Python/3.11.13/x64/lib
2025-07-02T19:26:04.2231011Z ##[endgroup]
2025-07-02T19:26:07.4910126Z Requirement already satisfied: pip in /opt/hostedtoolcache/Python/3.11.13/x64/lib/python3.11/site-packages (25.1.1)
2025-07-02T19:26:08.1479282Z Collecting flake8
2025-07-02T19:26:08.2007270Z   Downloading flake8-7.3.0-py2.py3-none-any.whl.metadata (3.8 kB)
2025-07-02T19:26:08.2624351Z Collecting black
2025-07-02T19:26:08.2726639Z   Downloading black-25.1.0-cp311-cp311-manylinux_2_17_x86_64.manylinux2014_x86_64.manylinux_2_28_x86_64.whl.metadata (81 kB)
2025-07-02T19:26:08.3443218Z Collecting pytest
2025-07-02T19:26:08.3544942Z   Downloading pytest-8.4.1-py3-none-any.whl.metadata (7.7 kB)
2025-07-02T19:26:08.3774848Z Collecting pytest-cov
2025-07-02T19:26:08.3874275Z   Downloading pytest_cov-6.2.1-py3-none-any.whl.metadata (30 kB)
2025-07-02T19:26:08.4161753Z Collecting pytest-asyncio
2025-07-02T19:26:08.4259098Z   Downloading pytest_asyncio-1.0.0-py3-none-any.whl.metadata (4.0 kB)
2025-07-02T19:26:08.4434927Z Collecting mccabe<0.8.0,>=0.7.0 (from flake8)
2025-07-02T19:26:08.4530136Z   Downloading mccabe-0.7.0-py2.py3-none-any.whl.metadata (5.0 kB)
2025-07-02T19:26:08.4705550Z Collecting pycodestyle<2.15.0,>=2.14.0 (from flake8)
2025-07-02T19:26:08.4803714Z   Downloading pycodestyle-2.14.0-py2.py3-none-any.whl.metadata (4.5 kB)
2025-07-02T19:26:08.5018000Z Collecting pyflakes<3.5.0,>=3.4.0 (from flake8)
2025-07-02T19:26:08.5112743Z   Downloading pyflakes-3.4.0-py2.py3-none-any.whl.metadata (3.5 kB)
2025-07-02T19:26:08.5374059Z Collecting click>=8.0.0 (from black)
2025-07-02T19:26:08.5469759Z   Downloading click-8.2.1-py3-none-any.whl.metadata (2.5 kB)
2025-07-02T19:26:08.5631676Z Collecting mypy-extensions>=0.4.3 (from black)
2025-07-02T19:26:08.5725245Z   Downloading mypy_extensions-1.1.0-py3-none-any.whl.metadata (1.1 kB)
2025-07-02T19:26:08.5937996Z Collecting packaging>=22.0 (from black)
2025-07-02T19:26:08.6033053Z   Downloading packaging-25.0-py3-none-any.whl.metadata (3.3 kB)
2025-07-02T19:26:08.6223932Z Collecting pathspec>=0.9.0 (from black)
2025-07-02T19:26:08.6318231Z   Downloading pathspec-0.12.1-py3-none-any.whl.metadata (21 kB)
2025-07-02T19:26:08.6676729Z Collecting platformdirs>=2 (from black)
2025-07-02T19:26:08.6778531Z   Downloading platformdirs-4.3.8-py3-none-any.whl.metadata (12 kB)
2025-07-02T19:26:08.6965432Z Collecting iniconfig>=1 (from pytest)
2025-07-02T19:26:08.7058875Z   Downloading iniconfig-2.1.0-py3-none-any.whl.metadata (2.7 kB)
2025-07-02T19:26:08.7275346Z Collecting pluggy<2,>=1.5 (from pytest)
2025-07-02T19:26:08.7369930Z   Downloading pluggy-1.6.0-py3-none-any.whl.metadata (4.8 kB)
2025-07-02T19:26:08.7632844Z Collecting pygments>=2.7.2 (from pytest)
2025-07-02T19:26:08.7728743Z   Downloading pygments-2.19.2-py3-none-any.whl.metadata (2.5 kB)
2025-07-02T19:26:09.0753733Z Collecting coverage>=7.5 (from coverage[toml]>=7.5->pytest-cov)
2025-07-02T19:26:09.0855257Z   Downloading coverage-7.9.1-cp311-cp311-manylinux_2_5_x86_64.manylinux1_x86_64.manylinux_2_17_x86_64.manylinux2014_x86_64.whl.metadata (8.9 kB)
2025-07-02T19:26:09.1184028Z Downloading flake8-7.3.0-py2.py3-none-any.whl (57 kB)
2025-07-02T19:26:09.1339119Z Downloading mccabe-0.7.0-py2.py3-none-any.whl (7.3 kB)
2025-07-02T19:26:09.1453962Z Downloading pycodestyle-2.14.0-py2.py3-none-any.whl (31 kB)
2025-07-02T19:26:09.1578185Z Downloading pyflakes-3.4.0-py2.py3-none-any.whl (63 kB)
2025-07-02T19:26:09.1735330Z Downloading black-25.1.0-cp311-cp311-manylinux_2_17_x86_64.manylinux2014_x86_64.manylinux_2_28_x86_64.whl (1.7 MB)
2025-07-02T19:26:09.3094950Z    ━━━━━━━━━━━━━━━━━━━━━━━━━━━━━━━━━━━━━━━━ 1.7/1.7 MB 13.8 MB/s eta 0:00:00
2025-07-02T19:26:09.3191336Z Downloading pytest-8.4.1-py3-none-any.whl (365 kB)
2025-07-02T19:26:09.3479509Z Downloading pluggy-1.6.0-py3-none-any.whl (20 kB)
2025-07-02T19:26:09.3594196Z Downloading pytest_cov-6.2.1-py3-none-any.whl (24 kB)
2025-07-02T19:26:09.3711044Z Downloading pytest_asyncio-1.0.0-py3-none-any.whl (15 kB)
2025-07-02T19:26:09.3825996Z Downloading click-8.2.1-py3-none-any.whl (102 kB)
2025-07-02T19:26:09.3982397Z Downloading coverage-7.9.1-cp311-cp311-manylinux_2_5_x86_64.manylinux1_x86_64.manylinux_2_17_x86_64.manylinux2014_x86_64.whl (244 kB)
2025-07-02T19:26:09.4192179Z Downloading iniconfig-2.1.0-py3-none-any.whl (6.0 kB)
2025-07-02T19:26:09.4308715Z Downloading mypy_extensions-1.1.0-py3-none-any.whl (5.0 kB)
2025-07-02T19:26:09.4425562Z Downloading packaging-25.0-py3-none-any.whl (66 kB)
2025-07-02T19:26:09.4557576Z Downloading pathspec-0.12.1-py3-none-any.whl (31 kB)
2025-07-02T19:26:09.4670161Z Downloading platformdirs-4.3.8-py3-none-any.whl (18 kB)
2025-07-02T19:26:09.4783279Z Downloading pygments-2.19.2-py3-none-any.whl (1.2 MB)
2025-07-02T19:26:09.5321697Z    ━━━━━━━━━━━━━━━━━━━━━━━━━━━━━━━━━━━━━━━━ 1.2/1.2 MB 23.3 MB/s eta 0:00:00
2025-07-02T19:26:09.5812683Z Installing collected packages: pygments, pyflakes, pycodestyle, pluggy, platformdirs, pathspec, packaging, mypy-extensions, mccabe, iniconfig, coverage, click, pytest, flake8, black, pytest-cov, pytest-asyncio
2025-07-02T19:26:10.9758752Z 
2025-07-02T19:26:10.9774778Z Successfully installed black-25.1.0 click-8.2.1 coverage-7.9.1 flake8-7.3.0 iniconfig-2.1.0 mccabe-0.7.0 mypy-extensions-1.1.0 packaging-25.0 pathspec-0.12.1 platformdirs-4.3.8 pluggy-1.6.0 pycodestyle-2.14.0 pyflakes-3.4.0 pygments-2.19.2 pytest-8.4.1 pytest-asyncio-1.0.0 pytest-cov-6.2.1
2025-07-02T19:26:11.5243420Z Collecting fastapi==0.104.1 (from -r backend/requirements.txt (line 1))
2025-07-02T19:26:11.5762257Z   Downloading fastapi-0.104.1-py3-none-any.whl.metadata (24 kB)
2025-07-02T19:26:11.6242738Z Collecting uvicorn==0.24.0 (from uvicorn[standard]==0.24.0->-r backend/requirements.txt (line 2))
2025-07-02T19:26:11.6347856Z   Downloading uvicorn-0.24.0-py3-none-any.whl.metadata (6.4 kB)
2025-07-02T19:26:11.8989218Z Collecting sqlalchemy==2.0.23 (from -r backend/requirements.txt (line 3))
2025-07-02T19:26:11.9097904Z   Downloading SQLAlchemy-2.0.23-cp311-cp311-manylinux_2_17_x86_64.manylinux2014_x86_64.whl.metadata (9.6 kB)
2025-07-02T19:26:11.9435672Z Collecting alembic==1.12.1 (from -r backend/requirements.txt (line 4))
2025-07-02T19:26:11.9542655Z   Downloading alembic-1.12.1-py3-none-any.whl.metadata (7.3 kB)
2025-07-02T19:26:12.0208458Z Collecting psycopg2-binary==2.9.9 (from -r backend/requirements.txt (line 5))
2025-07-02T19:26:12.0305809Z   Downloading psycopg2_binary-2.9.9-cp311-cp311-manylinux_2_17_x86_64.manylinux2014_x86_64.whl.metadata (4.4 kB)
2025-07-02T19:26:12.1390753Z Collecting pydantic==2.5.0 (from -r backend/requirements.txt (line 6))
2025-07-02T19:26:12.1500669Z   Downloading pydantic-2.5.0-py3-none-any.whl.metadata (174 kB)
2025-07-02T19:26:12.2075105Z Collecting pydantic-settings==2.1.0 (from -r backend/requirements.txt (line 7))
2025-07-02T19:26:12.2177425Z   Downloading pydantic_settings-2.1.0-py3-none-any.whl.metadata (2.9 kB)
2025-07-02T19:26:12.2384234Z Collecting python-jose==3.3.0 (from python-jose[cryptography]==3.3.0->-r backend/requirements.txt (line 8))
2025-07-02T19:26:12.2482636Z   Downloading python_jose-3.3.0-py2.py3-none-any.whl.metadata (5.4 kB)
2025-07-02T19:26:12.2667683Z Collecting passlib==1.7.4 (from passlib[bcrypt]==1.7.4->-r backend/requirements.txt (line 9))
2025-07-02T19:26:12.2767975Z   Downloading passlib-1.7.4-py2.py3-none-any.whl.metadata (1.7 kB)
2025-07-02T19:26:12.2955162Z Collecting python-multipart==0.0.6 (from -r backend/requirements.txt (line 10))
2025-07-02T19:26:12.3055562Z   Downloading python_multipart-0.0.6-py3-none-any.whl.metadata (2.5 kB)
2025-07-02T19:26:12.3433497Z Collecting pytest==7.4.3 (from -r backend/requirements.txt (line 11))
2025-07-02T19:26:12.3533864Z   Downloading pytest-7.4.3-py3-none-any.whl.metadata (7.9 kB)
2025-07-02T19:26:12.3786161Z Collecting pytest-asyncio==0.21.1 (from -r backend/requirements.txt (line 12))
2025-07-02T19:26:12.3896493Z   Downloading pytest_asyncio-0.21.1-py3-none-any.whl.metadata (4.0 kB)
2025-07-02T19:26:12.4158890Z Collecting httpx==0.25.2 (from -r backend/requirements.txt (line 13))
2025-07-02T19:26:12.4264534Z   Downloading httpx-0.25.2-py3-none-any.whl.metadata (6.9 kB)
2025-07-02T19:26:12.4494656Z Collecting python-dotenv==1.0.0 (from -r backend/requirements.txt (line 14))
2025-07-02T19:26:12.4593186Z   Downloading python_dotenv-1.0.0-py3-none-any.whl.metadata (21 kB)
2025-07-02T19:26:12.4860305Z Collecting anyio<4.0.0,>=3.7.1 (from fastapi==0.104.1->-r backend/requirements.txt (line 1))
2025-07-02T19:26:12.4956860Z   Downloading anyio-3.7.1-py3-none-any.whl.metadata (4.7 kB)
2025-07-02T19:26:12.5396525Z Collecting starlette<0.28.0,>=0.27.0 (from fastapi==0.104.1->-r backend/requirements.txt (line 1))
2025-07-02T19:26:12.5497778Z   Downloading starlette-0.27.0-py3-none-any.whl.metadata (5.8 kB)
2025-07-02T19:26:12.5747704Z Collecting typing-extensions>=4.8.0 (from fastapi==0.104.1->-r backend/requirements.txt (line 1))
2025-07-02T19:26:12.5846561Z   Downloading typing_extensions-4.14.0-py3-none-any.whl.metadata (3.0 kB)
2025-07-02T19:26:12.6019963Z Collecting annotated-types>=0.4.0 (from pydantic==2.5.0->-r backend/requirements.txt (line 6))
2025-07-02T19:26:12.6114984Z   Downloading annotated_types-0.7.0-py3-none-any.whl.metadata (15 kB)
2025-07-02T19:26:13.1987967Z Collecting pydantic-core==2.14.1 (from pydantic==2.5.0->-r backend/requirements.txt (line 6))
2025-07-02T19:26:13.2097899Z   Downloading pydantic_core-2.14.1-cp311-cp311-manylinux_2_17_x86_64.manylinux2014_x86_64.whl.metadata (6.5 kB)
2025-07-02T19:26:13.2176901Z Requirement already satisfied: click>=7.0 in /opt/hostedtoolcache/Python/3.11.13/x64/lib/python3.11/site-packages (from uvicorn==0.24.0->uvicorn[standard]==0.24.0->-r backend/requirements.txt (line 2)) (8.2.1)
2025-07-02T19:26:13.2323130Z Collecting h11>=0.8 (from uvicorn==0.24.0->uvicorn[standard]==0.24.0->-r backend/requirements.txt (line 2))
2025-07-02T19:26:13.2419528Z   Downloading h11-0.16.0-py3-none-any.whl.metadata (8.3 kB)
2025-07-02T19:26:13.3649447Z Collecting greenlet!=0.4.17 (from sqlalchemy==2.0.23->-r backend/requirements.txt (line 3))
2025-07-02T19:26:13.3748420Z   Downloading greenlet-3.2.3-cp311-cp311-manylinux_2_24_x86_64.manylinux_2_28_x86_64.whl.metadata (4.1 kB)
2025-07-02T19:26:13.4112912Z Collecting Mako (from alembic==1.12.1->-r backend/requirements.txt (line 4))
2025-07-02T19:26:13.4208731Z   Downloading mako-1.3.10-py3-none-any.whl.metadata (2.9 kB)
2025-07-02T19:26:13.4593775Z Collecting ecdsa!=0.15 (from python-jose==3.3.0->python-jose[cryptography]==3.3.0->-r backend/requirements.txt (line 8))
2025-07-02T19:26:13.4696970Z   Downloading ecdsa-0.19.1-py2.py3-none-any.whl.metadata (29 kB)
2025-07-02T19:26:13.4920009Z Collecting rsa (from python-jose==3.3.0->python-jose[cryptography]==3.3.0->-r backend/requirements.txt (line 8))
2025-07-02T19:26:13.5017596Z   Downloading rsa-4.9.1-py3-none-any.whl.metadata (5.6 kB)
2025-07-02T19:26:13.5284384Z Collecting pyasn1 (from python-jose==3.3.0->python-jose[cryptography]==3.3.0->-r backend/requirements.txt (line 8))
2025-07-02T19:26:13.5381452Z   Downloading pyasn1-0.6.1-py3-none-any.whl.metadata (8.4 kB)
2025-07-02T19:26:13.5436066Z Requirement already satisfied: iniconfig in /opt/hostedtoolcache/Python/3.11.13/x64/lib/python3.11/site-packages (from pytest==7.4.3->-r backend/requirements.txt (line 11)) (2.1.0)
2025-07-02T19:26:13.5439402Z Requirement already satisfied: packaging in /opt/hostedtoolcache/Python/3.11.13/x64/lib/python3.11/site-packages (from pytest==7.4.3->-r backend/requirements.txt (line 11)) (25.0)
2025-07-02T19:26:13.5446325Z Requirement already satisfied: pluggy<2.0,>=0.12 in /opt/hostedtoolcache/Python/3.11.13/x64/lib/python3.11/site-packages (from pytest==7.4.3->-r backend/requirements.txt (line 11)) (1.6.0)
2025-07-02T19:26:13.6139044Z Collecting certifi (from httpx==0.25.2->-r backend/requirements.txt (line 13))
2025-07-02T19:26:13.6239702Z   Downloading certifi-2025.6.15-py3-none-any.whl.metadata (2.4 kB)
2025-07-02T19:26:13.6492164Z Collecting httpcore==1.* (from httpx==0.25.2->-r backend/requirements.txt (line 13))
2025-07-02T19:26:13.6589198Z   Downloading httpcore-1.0.9-py3-none-any.whl.metadata (21 kB)
2025-07-02T19:26:13.6802823Z Collecting idna (from httpx==0.25.2->-r backend/requirements.txt (line 13))
2025-07-02T19:26:13.6898569Z   Downloading idna-3.10-py3-none-any.whl.metadata (10 kB)
2025-07-02T19:26:13.7065594Z Collecting sniffio (from httpx==0.25.2->-r backend/requirements.txt (line 13))
2025-07-02T19:26:13.7159995Z   Downloading sniffio-1.3.1-py3-none-any.whl.metadata (3.9 kB)
2025-07-02T19:26:13.7619332Z Collecting bcrypt>=3.1.0 (from passlib[bcrypt]==1.7.4->-r backend/requirements.txt (line 9))
2025-07-02T19:26:13.7713511Z   Downloading bcrypt-4.3.0-cp39-abi3-manylinux_2_34_x86_64.whl.metadata (10 kB)
2025-07-02T19:26:13.9468494Z Collecting cryptography>=3.4.0 (from python-jose[cryptography]==3.3.0->-r backend/requirements.txt (line 8))
2025-07-02T19:26:13.9571522Z   Downloading cryptography-45.0.5-cp311-abi3-manylinux_2_34_x86_64.whl.metadata (5.7 kB)
2025-07-02T19:26:14.0010356Z Collecting httptools>=0.5.0 (from uvicorn[standard]==0.24.0->-r backend/requirements.txt (line 2))
2025-07-02T19:26:14.0122017Z   Downloading httptools-0.6.4-cp311-cp311-manylinux_2_5_x86_64.manylinux1_x86_64.manylinux_2_17_x86_64.manylinux2014_x86_64.whl.metadata (3.6 kB)
2025-07-02T19:26:14.0554353Z Collecting pyyaml>=5.1 (from uvicorn[standard]==0.24.0->-r backend/requirements.txt (line 2))
2025-07-02T19:26:14.0652363Z   Downloading PyYAML-6.0.2-cp311-cp311-manylinux_2_17_x86_64.manylinux2014_x86_64.whl.metadata (2.1 kB)
2025-07-02T19:26:14.1102706Z Collecting uvloop!=0.15.0,!=0.15.1,>=0.14.0 (from uvicorn[standard]==0.24.0->-r backend/requirements.txt (line 2))
2025-07-02T19:26:14.1199410Z   Downloading uvloop-0.21.0-cp311-cp311-manylinux_2_17_x86_64.manylinux2014_x86_64.whl.metadata (4.9 kB)
2025-07-02T19:26:14.2018633Z Collecting watchfiles>=0.13 (from uvicorn[standard]==0.24.0->-r backend/requirements.txt (line 2))
2025-07-02T19:26:14.2119015Z   Downloading watchfiles-1.1.0-cp311-cp311-manylinux_2_17_x86_64.manylinux2014_x86_64.whl.metadata (4.9 kB)
2025-07-02T19:26:14.3024854Z Collecting websockets>=10.4 (from uvicorn[standard]==0.24.0->-r backend/requirements.txt (line 2))
2025-07-02T19:26:14.3127174Z   Downloading websockets-15.0.1-cp311-cp311-manylinux_2_5_x86_64.manylinux1_x86_64.manylinux_2_17_x86_64.manylinux2014_x86_64.whl.metadata (6.8 kB)
2025-07-02T19:26:14.4735734Z Collecting cffi>=1.14 (from cryptography>=3.4.0->python-jose[cryptography]==3.3.0->-r backend/requirements.txt (line 8))
2025-07-02T19:26:14.4835173Z   Downloading cffi-1.17.1-cp311-cp311-manylinux_2_17_x86_64.manylinux2014_x86_64.whl.metadata (1.5 kB)
2025-07-02T19:26:14.5019044Z Collecting pycparser (from cffi>=1.14->cryptography>=3.4.0->python-jose[cryptography]==3.3.0->-r backend/requirements.txt (line 8))
2025-07-02T19:26:14.5113356Z   Downloading pycparser-2.22-py3-none-any.whl.metadata (943 bytes)
2025-07-02T19:26:14.5319021Z Collecting six>=1.9.0 (from ecdsa!=0.15->python-jose==3.3.0->python-jose[cryptography]==3.3.0->-r backend/requirements.txt (line 8))
2025-07-02T19:26:14.5415280Z   Downloading six-1.17.0-py2.py3-none-any.whl.metadata (1.7 kB)
2025-07-02T19:26:14.6202810Z Collecting MarkupSafe>=0.9.2 (from Mako->alembic==1.12.1->-r backend/requirements.txt (line 4))
2025-07-02T19:26:14.6306035Z   Downloading MarkupSafe-3.0.2-cp311-cp311-manylinux_2_17_x86_64.manylinux2014_x86_64.whl.metadata (4.0 kB)
2025-07-02T19:26:14.6554558Z Downloading fastapi-0.104.1-py3-none-any.whl (92 kB)
2025-07-02T19:26:14.6683649Z Downloading pydantic-2.5.0-py3-none-any.whl (407 kB)
2025-07-02T19:26:14.6905441Z Downloading uvicorn-0.24.0-py3-none-any.whl (59 kB)
2025-07-02T19:26:14.7048273Z Downloading SQLAlchemy-2.0.23-cp311-cp311-manylinux_2_17_x86_64.manylinux2014_x86_64.whl (3.2 MB)
2025-07-02T19:26:14.7333207Z    ━━━━━━━━━━━━━━━━━━━━━━━━━━━━━━━━━━━━━━━━ 3.2/3.2 MB 114.0 MB/s eta 0:00:00
2025-07-02T19:26:14.7438189Z Downloading alembic-1.12.1-py3-none-any.whl (226 kB)
2025-07-02T19:26:14.7592985Z Downloading psycopg2_binary-2.9.9-cp311-cp311-manylinux_2_17_x86_64.manylinux2014_x86_64.whl (3.0 MB)
2025-07-02T19:26:14.7779594Z    ━━━━━━━━━━━━━━━━━━━━━━━━━━━━━━━━━━━━━━━━ 3.0/3.0 MB 173.8 MB/s eta 0:00:00
2025-07-02T19:26:14.7889739Z Downloading pydantic_settings-2.1.0-py3-none-any.whl (11 kB)
2025-07-02T19:26:14.8006325Z Downloading python_jose-3.3.0-py2.py3-none-any.whl (33 kB)
2025-07-02T19:26:14.8136821Z Downloading passlib-1.7.4-py2.py3-none-any.whl (525 kB)
2025-07-02T19:26:14.8198878Z    ━━━━━━━━━━━━━━━━━━━━━━━━━━━━━━━━━━━━━━━━ 525.6/525.6 kB 75.2 MB/s eta 0:00:00
2025-07-02T19:26:14.8305521Z Downloading python_multipart-0.0.6-py3-none-any.whl (45 kB)
2025-07-02T19:26:14.8431299Z Downloading pytest-7.4.3-py3-none-any.whl (325 kB)
2025-07-02T19:26:14.8572722Z Downloading pytest_asyncio-0.21.1-py3-none-any.whl (13 kB)
2025-07-02T19:26:14.8693672Z Downloading httpx-0.25.2-py3-none-any.whl (74 kB)
2025-07-02T19:26:14.8915328Z Downloading python_dotenv-1.0.0-py3-none-any.whl (19 kB)
2025-07-02T19:26:14.9037428Z Downloading pydantic_core-2.14.1-cp311-cp311-manylinux_2_17_x86_64.manylinux2014_x86_64.whl (2.1 MB)
2025-07-02T19:26:14.9177301Z    ━━━━━━━━━━━━━━━━━━━━━━━━━━━━━━━━━━━━━━━━ 2.1/2.1 MB 163.2 MB/s eta 0:00:00
2025-07-02T19:26:14.9277751Z Downloading anyio-3.7.1-py3-none-any.whl (80 kB)
2025-07-02T19:26:14.9395983Z Downloading httpcore-1.0.9-py3-none-any.whl (78 kB)
2025-07-02T19:26:14.9511819Z Downloading starlette-0.27.0-py3-none-any.whl (66 kB)
2025-07-02T19:26:14.9627801Z Downloading annotated_types-0.7.0-py3-none-any.whl (13 kB)
2025-07-02T19:26:14.9769261Z Downloading bcrypt-4.3.0-cp39-abi3-manylinux_2_34_x86_64.whl (284 kB)
2025-07-02T19:26:14.9902028Z Downloading cryptography-45.0.5-cp311-abi3-manylinux_2_34_x86_64.whl (4.5 MB)
2025-07-02T19:26:15.0172109Z    ━━━━━━━━━━━━━━━━━━━━━━━━━━━━━━━━━━━━━━━━ 4.5/4.5 MB 175.4 MB/s eta 0:00:00
2025-07-02T19:26:15.0270365Z Downloading cffi-1.17.1-cp311-cp311-manylinux_2_17_x86_64.manylinux2014_x86_64.whl (467 kB)
2025-07-02T19:26:15.0420034Z Downloading ecdsa-0.19.1-py2.py3-none-any.whl (150 kB)
2025-07-02T19:26:15.0556823Z Downloading greenlet-3.2.3-cp311-cp311-manylinux_2_24_x86_64.manylinux_2_28_x86_64.whl (585 kB)
2025-07-02T19:26:15.0620065Z    ━━━━━━━━━━━━━━━━━━━━━━━━━━━━━━━━━━━━━━━━ 585.5/585.5 kB 86.0 MB/s eta 0:00:00
2025-07-02T19:26:15.0716528Z Downloading h11-0.16.0-py3-none-any.whl (37 kB)
2025-07-02T19:26:15.0865083Z Downloading httptools-0.6.4-cp311-cp311-manylinux_2_5_x86_64.manylinux1_x86_64.manylinux_2_17_x86_64.manylinux2014_x86_64.whl (459 kB)
2025-07-02T19:26:15.1006770Z Downloading idna-3.10-py3-none-any.whl (70 kB)
2025-07-02T19:26:15.1124020Z Downloading PyYAML-6.0.2-cp311-cp311-manylinux_2_17_x86_64.manylinux2014_x86_64.whl (762 kB)
2025-07-02T19:26:15.1198600Z    ━━━━━━━━━━━━━━━━━━━━━━━━━━━━━━━━━━━━━━━ 763.0/763.0 kB 110.1 MB/s eta 0:00:00
2025-07-02T19:26:15.1294887Z Downloading six-1.17.0-py2.py3-none-any.whl (11 kB)
2025-07-02T19:26:15.1408127Z Downloading sniffio-1.3.1-py3-none-any.whl (10 kB)
2025-07-02T19:26:15.1524610Z Downloading typing_extensions-4.14.0-py3-none-any.whl (43 kB)
2025-07-02T19:26:15.1663728Z Downloading uvloop-0.21.0-cp311-cp311-manylinux_2_17_x86_64.manylinux2014_x86_64.whl (4.0 MB)
2025-07-02T19:26:15.1905294Z    ━━━━━━━━━━━━━━━━━━━━━━━━━━━━━━━━━━━━━━━━ 4.0/4.0 MB 173.2 MB/s eta 0:00:00
2025-07-02T19:26:15.2061784Z Downloading watchfiles-1.1.0-cp311-cp311-manylinux_2_17_x86_64.manylinux2014_x86_64.whl (453 kB)
2025-07-02T19:26:15.2197270Z Downloading websockets-15.0.1-cp311-cp311-manylinux_2_5_x86_64.manylinux1_x86_64.manylinux_2_17_x86_64.manylinux2014_x86_64.whl (182 kB)
2025-07-02T19:26:15.2329063Z Downloading certifi-2025.6.15-py3-none-any.whl (157 kB)
2025-07-02T19:26:15.2449348Z Downloading mako-1.3.10-py3-none-any.whl (78 kB)
2025-07-02T19:26:15.2568441Z Downloading MarkupSafe-3.0.2-cp311-cp311-manylinux_2_17_x86_64.manylinux2014_x86_64.whl (23 kB)
2025-07-02T19:26:15.2682676Z Downloading pyasn1-0.6.1-py3-none-any.whl (83 kB)
2025-07-02T19:26:15.2802112Z Downloading pycparser-2.22-py3-none-any.whl (117 kB)
2025-07-02T19:26:15.2919744Z Downloading rsa-4.9.1-py3-none-any.whl (34 kB)
2025-07-02T19:26:15.4077116Z Installing collected packages: passlib, websockets, uvloop, typing-extensions, sniffio, six, pyyaml, python-multipart, python-dotenv, pytest, pycparser, pyasn1, psycopg2-binary, MarkupSafe, idna, httptools, h11, greenlet, certifi, bcrypt, annotated-types, uvicorn, sqlalchemy, rsa, pytest-asyncio, pydantic-core, Mako, httpcore, ecdsa, cffi, anyio, watchfiles, starlette, python-jose, pydantic, httpx, cryptography, alembic, pydantic-settings, fastapi
2025-07-02T19:26:15.9242906Z   Attempting uninstall: pytest
2025-07-02T19:26:15.9264244Z     Found existing installation: pytest 8.4.1
2025-07-02T19:26:15.9336001Z     Uninstalling pytest-8.4.1:
2025-07-02T19:26:15.9479859Z       Successfully uninstalled pytest-8.4.1
2025-07-02T19:26:17.5788860Z   Attempting uninstall: pytest-asyncio
2025-07-02T19:26:17.5807452Z     Found existing installation: pytest-asyncio 1.0.0
2025-07-02T19:26:17.5825517Z     Uninstalling pytest-asyncio-1.0.0:
2025-07-02T19:26:17.5833154Z       Successfully uninstalled pytest-asyncio-1.0.0
2025-07-02T19:26:18.6518222Z 
2025-07-02T19:26:18.6547998Z Successfully installed Mako-1.3.10 MarkupSafe-3.0.2 alembic-1.12.1 annotated-types-0.7.0 anyio-3.7.1 bcrypt-4.3.0 certifi-2025.6.15 cffi-1.17.1 cryptography-45.0.5 ecdsa-0.19.1 fastapi-0.104.1 greenlet-3.2.3 h11-0.16.0 httpcore-1.0.9 httptools-0.6.4 httpx-0.25.2 idna-3.10 passlib-1.7.4 psycopg2-binary-2.9.9 pyasn1-0.6.1 pycparser-2.22 pydantic-2.5.0 pydantic-core-2.14.1 pydantic-settings-2.1.0 pytest-7.4.3 pytest-asyncio-0.21.1 python-dotenv-1.0.0 python-jose-3.3.0 python-multipart-0.0.6 pyyaml-6.0.2 rsa-4.9.1 six-1.17.0 sniffio-1.3.1 sqlalchemy-2.0.23 starlette-0.27.0 typing-extensions-4.14.0 uvicorn-0.24.0 uvloop-0.21.0 watchfiles-1.1.0 websockets-15.0.1
2025-07-02T19:26:19.0332420Z ##[group]Run # stop the build if there are Python syntax errors or undefined names
2025-07-02T19:26:19.0332938Z [36;1m# stop the build if there are Python syntax errors or undefined names[0m
2025-07-02T19:26:19.0333388Z [36;1mflake8 backend --count --select=E9,F63,F7,F82 --show-source --statistics[0m
2025-07-02T19:26:19.0333767Z [36;1m# exit-zero treats all errors as warnings[0m
2025-07-02T19:26:19.0334191Z [36;1mflake8 backend --count --exit-zero --max-complexity=10 --max-line-length=88 --statistics[0m
2025-07-02T19:26:19.0393746Z shell: /usr/bin/bash -e {0}
2025-07-02T19:26:19.0393969Z env:
2025-07-02T19:26:19.0394206Z   pythonLocation: /opt/hostedtoolcache/Python/3.11.13/x64
2025-07-02T19:26:19.0394608Z   PKG_CONFIG_PATH: /opt/hostedtoolcache/Python/3.11.13/x64/lib/pkgconfig
2025-07-02T19:26:19.0394988Z   Python_ROOT_DIR: /opt/hostedtoolcache/Python/3.11.13/x64
2025-07-02T19:26:19.0395346Z   Python2_ROOT_DIR: /opt/hostedtoolcache/Python/3.11.13/x64
2025-07-02T19:26:19.0395705Z   Python3_ROOT_DIR: /opt/hostedtoolcache/Python/3.11.13/x64
2025-07-02T19:26:19.0396054Z   LD_LIBRARY_PATH: /opt/hostedtoolcache/Python/3.11.13/x64/lib
2025-07-02T19:26:19.0396337Z ##[endgroup]
2025-07-02T19:26:19.7573748Z 0
2025-07-02T19:26:19.9400095Z backend/app/api/api_v1/api.py:8:73: W291 trailing whitespace
2025-07-02T19:26:19.9400828Z backend/app/api/api_v1/api.py:8:74: W292 no newline at end of file
2025-07-02T19:26:19.9401722Z backend/app/api/api_v1/endpoints/projects.py:10:1: E302 expected 2 blank lines, found 1
2025-07-02T19:26:19.9402604Z backend/app/api/api_v1/endpoints/projects.py:18:1: E302 expected 2 blank lines, found 1
2025-07-02T19:26:19.9403421Z backend/app/api/api_v1/endpoints/projects.py:24:1: E302 expected 2 blank lines, found 1
2025-07-02T19:26:19.9404274Z backend/app/api/api_v1/endpoints/projects.py:33:1: E302 expected 2 blank lines, found 1
2025-07-02T19:26:19.9405249Z backend/app/api/api_v1/endpoints/projects.py:34:89: E501 line too long (98 > 88 characters)
2025-07-02T19:26:19.9406199Z backend/app/api/api_v1/endpoints/projects.py:42:1: E302 expected 2 blank lines, found 1
2025-07-02T19:26:19.9407055Z backend/app/api/api_v1/endpoints/projects.py:48:73: W291 trailing whitespace
2025-07-02T19:26:19.9407897Z backend/app/api/api_v1/endpoints/projects.py:48:74: W292 no newline at end of file
2025-07-02T19:26:19.9408777Z backend/app/api/api_v1/endpoints/tasks.py:10:1: E302 expected 2 blank lines, found 1
2025-07-02T19:26:19.9409484Z backend/app/api/api_v1/endpoints/tasks.py:16:1: E302 expected 2 blank lines, found 1
2025-07-02T19:26:19.9410352Z backend/app/api/api_v1/endpoints/tasks.py:22:1: E302 expected 2 blank lines, found 1
2025-07-02T19:26:19.9410898Z backend/app/api/api_v1/endpoints/tasks.py:28:1: E302 expected 2 blank lines, found 1
2025-07-02T19:26:19.9411607Z backend/app/api/api_v1/endpoints/tasks.py:37:1: E302 expected 2 blank lines, found 1
2025-07-02T19:26:19.9412104Z backend/app/api/api_v1/endpoints/tasks.py:46:1: E302 expected 2 blank lines, found 1
2025-07-02T19:26:19.9412575Z backend/app/api/api_v1/endpoints/tasks.py:52:70: W291 trailing whitespace
2025-07-02T19:26:19.9413035Z backend/app/api/api_v1/endpoints/tasks.py:52:71: W292 no newline at end of file
2025-07-02T19:26:19.9413508Z backend/app/api/api_v1/endpoints/users.py:10:1: E302 expected 2 blank lines, found 1
2025-07-02T19:26:19.9413985Z backend/app/api/api_v1/endpoints/users.py:16:1: E302 expected 2 blank lines, found 1
2025-07-02T19:26:19.9414456Z backend/app/api/api_v1/endpoints/users.py:22:1: E302 expected 2 blank lines, found 1
2025-07-02T19:26:19.9414938Z backend/app/api/api_v1/endpoints/users.py:31:1: E302 expected 2 blank lines, found 1
2025-07-02T19:26:19.9415422Z backend/app/api/api_v1/endpoints/users.py:40:1: E302 expected 2 blank lines, found 1
2025-07-02T19:26:19.9415871Z backend/app/api/api_v1/endpoints/users.py:46:70: W291 trailing whitespace
2025-07-02T19:26:19.9416666Z backend/app/api/api_v1/endpoints/users.py:46:71: W292 no newline at end of file
2025-07-02T19:26:19.9417298Z backend/app/core/config.py:4:1: E302 expected 2 blank lines, found 1
2025-07-02T19:26:19.9417711Z backend/app/core/config.py:7:1: W293 blank line contains whitespace
2025-07-02T19:26:19.9418107Z backend/app/core/config.py:10:1: W293 blank line contains whitespace
2025-07-02T19:26:19.9418501Z backend/app/core/config.py:15:1: W293 blank line contains whitespace
2025-07-02T19:26:19.9418889Z backend/app/core/config.py:18:1: W293 blank line contains whitespace
2025-07-02T19:26:19.9419271Z backend/app/core/config.py:26:1: W293 blank line contains whitespace
2025-07-02T19:26:19.9419756Z backend/app/core/config.py:31:1: E305 expected 2 blank lines after class or function definition, found 1
2025-07-02T19:26:19.9420227Z backend/app/core/config.py:31:22: W291 trailing whitespace
2025-07-02T19:26:19.9420588Z backend/app/core/config.py:31:23: W292 no newline at end of file
2025-07-02T19:26:19.9420995Z backend/app/core/database.py:11:1: E302 expected 2 blank lines, found 1
2025-07-02T19:26:19.9421623Z backend/app/core/database.py:16:19: W291 trailing whitespace
2025-07-02T19:26:19.9422012Z backend/app/core/database.py:16:20: W292 no newline at end of file
2025-07-02T19:26:19.9422390Z backend/app/main.py:25:1: E302 expected 2 blank lines, found 1
2025-07-02T19:26:19.9422748Z backend/app/main.py:29:1: E302 expected 2 blank lines, found 1
2025-07-02T19:26:19.9423069Z backend/app/main.py:31:33: W291 trailing whitespace
2025-07-02T19:26:19.9423384Z backend/app/main.py:31:34: W292 no newline at end of file
2025-07-02T19:26:19.9423763Z backend/app/models/__init__.py:1:1: F401 '.user.User' imported but unused
2025-07-02T19:26:19.9424205Z backend/app/models/__init__.py:2:1: F401 '.project.Project' imported but unused
2025-07-02T19:26:19.9424644Z backend/app/models/__init__.py:3:1: F401 '.task.Task' imported but unused
2025-07-02T19:26:19.9425061Z backend/app/models/__init__.py:3:1: F401 '.task.TaskStatus' imported but unused
2025-07-02T19:26:19.9425463Z backend/app/models/__init__.py:3:35: W291 trailing whitespace
2025-07-02T19:26:19.9425837Z backend/app/models/__init__.py:3:36: W292 no newline at end of file
2025-07-02T19:26:19.9426249Z backend/app/models/project.py:6:1: E302 expected 2 blank lines, found 1
2025-07-02T19:26:19.9426678Z backend/app/models/project.py:8:1: W293 blank line contains whitespace
2025-07-02T19:26:19.9427106Z backend/app/models/project.py:15:1: W293 blank line contains whitespace
2025-07-02T19:26:19.9427502Z backend/app/models/project.py:19:70: W291 trailing whitespace
2025-07-02T19:26:19.9427878Z backend/app/models/project.py:19:71: W292 no newline at end of file
2025-07-02T19:26:19.9428283Z backend/app/models/task.py:7:1: E302 expected 2 blank lines, found 1
2025-07-02T19:26:19.9428675Z backend/app/models/task.py:13:1: E302 expected 2 blank lines, found 1
2025-07-02T19:26:19.9429102Z backend/app/models/task.py:15:1: W293 blank line contains whitespace
2025-07-02T19:26:19.9429499Z backend/app/models/task.py:25:1: W293 blank line contains whitespace
2025-07-02T19:26:19.9429869Z backend/app/models/task.py:28:36: W291 trailing whitespace
2025-07-02T19:26:19.9430264Z backend/app/models/task.py:28:37: W292 no newline at end of file
2025-07-02T19:26:19.9430649Z backend/app/models/user.py:5:1: E302 expected 2 blank lines, found 1
2025-07-02T19:26:19.9431032Z backend/app/models/user.py:7:1: W293 blank line contains whitespace
2025-07-02T19:26:19.9431854Z backend/app/models/user.py:15:70: W291 trailing whitespace
2025-07-02T19:26:19.9432219Z backend/app/models/user.py:15:71: W292 no newline at end of file
2025-07-02T19:26:19.9432635Z backend/app/schemas/project.py:5:1: E302 expected 2 blank lines, found 1
2025-07-02T19:26:19.9433070Z backend/app/schemas/project.py:9:1: E302 expected 2 blank lines, found 1
2025-07-02T19:26:19.9433510Z backend/app/schemas/project.py:12:1: E302 expected 2 blank lines, found 1
2025-07-02T19:26:19.9433979Z backend/app/schemas/project.py:16:1: E302 expected 2 blank lines, found 1
2025-07-02T19:26:19.9434579Z backend/app/schemas/project.py:21:1: W293 blank line contains whitespace
2025-07-02T19:26:19.9435106Z backend/app/schemas/project.py:23:31: W291 trailing whitespace
2025-07-02T19:26:19.9435505Z backend/app/schemas/project.py:23:32: W292 no newline at end of file
2025-07-02T19:26:19.9435905Z backend/app/schemas/task.py:6:1: E302 expected 2 blank lines, found 1
2025-07-02T19:26:19.9436311Z backend/app/schemas/task.py:12:1: E302 expected 2 blank lines, found 1
2025-07-02T19:26:19.9436712Z backend/app/schemas/task.py:16:1: E302 expected 2 blank lines, found 1
2025-07-02T19:26:19.9437112Z backend/app/schemas/task.py:23:1: E302 expected 2 blank lines, found 1
2025-07-02T19:26:19.9437509Z backend/app/schemas/task.py:29:1: W293 blank line contains whitespace
2025-07-02T19:26:19.9437880Z backend/app/schemas/task.py:31:31: W291 trailing whitespace
2025-07-02T19:26:19.9438643Z backend/app/schemas/task.py:31:32: W292 no newline at end of file
2025-07-02T19:26:19.9439373Z backend/app/schemas/user.py:5:1: E302 expected 2 blank lines, found 1
2025-07-02T19:26:19.9440135Z backend/app/schemas/user.py:10:1: E302 expected 2 blank lines, found 1
2025-07-02T19:26:19.9440722Z backend/app/schemas/user.py:13:1: E302 expected 2 blank lines, found 1
2025-07-02T19:26:19.9441516Z backend/app/schemas/user.py:18:1: E302 expected 2 blank lines, found 1
2025-07-02T19:26:19.9441968Z backend/app/schemas/user.py:23:1: W293 blank line contains whitespace
2025-07-02T19:26:19.9442361Z backend/app/schemas/user.py:25:31: W291 trailing whitespace
2025-07-02T19:26:19.9442737Z backend/app/schemas/user.py:25:32: W292 no newline at end of file
2025-07-02T19:26:19.9443180Z backend/app/services/project_service.py:5:1: E302 expected 2 blank lines, found 1
2025-07-02T19:26:19.9443680Z backend/app/services/project_service.py:8:1: W293 blank line contains whitespace
2025-07-02T19:26:19.9444166Z backend/app/services/project_service.py:19:1: W293 blank line contains whitespace
2025-07-02T19:26:19.9444647Z backend/app/services/project_service.py:22:1: W293 blank line contains whitespace
2025-07-02T19:26:19.9445140Z backend/app/services/project_service.py:25:1: W293 blank line contains whitespace
2025-07-02T19:26:19.9445613Z backend/app/services/project_service.py:30:1: W293 blank line contains whitespace
2025-07-02T19:26:19.9446096Z backend/app/services/project_service.py:34:1: W293 blank line contains whitespace
2025-07-02T19:26:19.9446566Z backend/app/services/project_service.py:38:1: W293 blank line contains whitespace
2025-07-02T19:26:19.9447049Z backend/app/services/project_service.py:43:1: W293 blank line contains whitespace
2025-07-02T19:26:19.9447508Z backend/app/services/project_service.py:46:20: W291 trailing whitespace
2025-07-02T19:26:19.9447953Z backend/app/services/project_service.py:46:21: W292 no newline at end of file
2025-07-02T19:26:19.9448422Z backend/app/services/task_service.py:5:1: E302 expected 2 blank lines, found 1
2025-07-02T19:26:19.9448873Z backend/app/services/task_service.py:8:1: W293 blank line contains whitespace
2025-07-02T19:26:19.9449334Z backend/app/services/task_service.py:22:1: W293 blank line contains whitespace
2025-07-02T19:26:19.9449791Z backend/app/services/task_service.py:25:1: W293 blank line contains whitespace
2025-07-02T19:26:19.9450237Z backend/app/services/task_service.py:28:1: W293 blank line contains whitespace
2025-07-02T19:26:19.9450690Z backend/app/services/task_service.py:31:1: W293 blank line contains whitespace
2025-07-02T19:26:19.9451339Z backend/app/services/task_service.py:36:1: W293 blank line contains whitespace
2025-07-02T19:26:19.9451896Z backend/app/services/task_service.py:40:1: W293 blank line contains whitespace
2025-07-02T19:26:19.9452343Z backend/app/services/task_service.py:44:1: W293 blank line contains whitespace
2025-07-02T19:26:19.9452797Z backend/app/services/task_service.py:49:1: W293 blank line contains whitespace
2025-07-02T19:26:19.9453234Z backend/app/services/task_service.py:52:20: W291 trailing whitespace
2025-07-02T19:26:19.9453662Z backend/app/services/task_service.py:52:21: W292 no newline at end of file
2025-07-02T19:26:19.9454410Z backend/app/services/user_service.py:8:1: E302 expected 2 blank lines, found 1
2025-07-02T19:26:19.9454863Z backend/app/services/user_service.py:11:1: W293 blank line contains whitespace
2025-07-02T19:26:19.9455327Z backend/app/services/user_service.py:14:1: W293 blank line contains whitespace
2025-07-02T19:26:19.9455779Z backend/app/services/user_service.py:17:1: W293 blank line contains whitespace
2025-07-02T19:26:19.9456226Z backend/app/services/user_service.py:30:1: W293 blank line contains whitespace
2025-07-02T19:26:19.9456683Z backend/app/services/user_service.py:33:1: W293 blank line contains whitespace
2025-07-02T19:26:19.9457129Z backend/app/services/user_service.py:36:1: W293 blank line contains whitespace
2025-07-02T19:26:19.9457582Z backend/app/services/user_service.py:39:1: W293 blank line contains whitespace
2025-07-02T19:26:19.9458034Z backend/app/services/user_service.py:44:1: W293 blank line contains whitespace
2025-07-02T19:26:19.9458492Z backend/app/services/user_service.py:48:1: W293 blank line contains whitespace
2025-07-02T19:26:19.9458948Z backend/app/services/user_service.py:52:1: W293 blank line contains whitespace
2025-07-02T19:26:19.9459393Z backend/app/services/user_service.py:57:1: W293 blank line contains whitespace
2025-07-02T19:26:19.9459828Z backend/app/services/user_service.py:60:20: W291 trailing whitespace
2025-07-02T19:26:19.9460251Z backend/app/services/user_service.py:60:21: W292 no newline at end of file
2025-07-02T19:26:19.9460645Z backend/tests/__init__.py:1:16: W291 trailing whitespace
2025-07-02T19:26:19.9460993Z backend/tests/__init__.py:1:17: W292 no newline at end of file
2025-07-02T19:26:19.9461674Z backend/tests/test_main.py:1:1: F401 'pytest' imported but unused
2025-07-02T19:26:19.9462083Z backend/tests/test_main.py:7:1: E302 expected 2 blank lines, found 1
2025-07-02T19:26:19.9462468Z backend/tests/test_main.py:13:1: E302 expected 2 blank lines, found 1
2025-07-02T19:26:19.9462865Z backend/tests/test_main.py:19:1: E302 expected 2 blank lines, found 1
2025-07-02T19:26:19.9463244Z backend/tests/test_main.py:24:1: E302 expected 2 blank lines, found 1
2025-07-02T19:26:19.9463604Z backend/tests/test_main.py:28:40: W291 trailing whitespace
2025-07-02T19:26:19.9463959Z backend/tests/test_main.py:28:41: W292 no newline at end of file
2025-07-02T19:26:19.9464413Z backend/tests/test_users.py:7:1: F401 'app.services.user_service.UserService' imported but unused
2025-07-02T19:26:19.9464944Z backend/tests/test_users.py:8:1: F401 'app.schemas.user.UserCreate' imported but unused
2025-07-02T19:26:19.9465396Z backend/tests/test_users.py:12:89: E501 line too long (90 > 88 characters)
2025-07-02T19:26:19.9465807Z backend/tests/test_users.py:15:1: E302 expected 2 blank lines, found 1
2025-07-02T19:26:19.9466293Z backend/tests/test_users.py:22:1: E305 expected 2 blank lines after class or function definition, found 1
2025-07-02T19:26:19.9466787Z backend/tests/test_users.py:24:1: E302 expected 2 blank lines, found 1
2025-07-02T19:26:19.9467276Z backend/tests/test_users.py:30:1: E305 expected 2 blank lines after class or function definition, found 1
2025-07-02T19:26:19.9467758Z backend/tests/test_users.py:32:1: E302 expected 2 blank lines, found 1
2025-07-02T19:26:19.9468149Z backend/tests/test_users.py:49:1: E302 expected 2 blank lines, found 1
2025-07-02T19:26:19.9468536Z backend/tests/test_users.py:59:1: W293 blank line contains whitespace
2025-07-02T19:26:19.9468925Z backend/tests/test_users.py:67:1: E302 expected 2 blank lines, found 1
2025-07-02T19:26:19.9469313Z backend/tests/test_users.py:78:1: W293 blank line contains whitespace
2025-07-02T19:26:19.9469692Z backend/tests/test_users.py:86:1: E302 expected 2 blank lines, found 1
2025-07-02T19:26:19.9470062Z backend/tests/test_users.py:90:57: W291 trailing whitespace
2025-07-02T19:26:19.9470422Z backend/tests/test_users.py:90:58: W292 no newline at end of file
2025-07-02T19:26:19.9470747Z 49    E302 expected 2 blank lines, found 1
2025-07-02T19:26:19.9471390Z 3     E305 expected 2 blank lines after class or function definition, found 1
2025-07-02T19:26:19.9471856Z 2     E501 line too long (98 > 88 characters)
2025-07-02T19:26:19.9472112Z 7     F401 '.user.User' imported but unused
2025-07-02T19:26:19.9472356Z 20    W291 trailing whitespace
2025-07-02T19:26:19.9472575Z 20    W292 no newline at end of file
2025-07-02T19:26:19.9472804Z 43    W293 blank line contains whitespace
2025-07-02T19:26:19.9473030Z 144
2025-07-02T19:26:19.9618346Z ##[group]Run black --check --diff backend/
2025-07-02T19:26:19.9618903Z [36;1mblack --check --diff backend/[0m
2025-07-02T19:26:19.9690772Z shell: /usr/bin/bash -e {0}
2025-07-02T19:26:19.9691009Z env:
2025-07-02T19:26:19.9691499Z   pythonLocation: /opt/hostedtoolcache/Python/3.11.13/x64
2025-07-02T19:26:19.9691918Z   PKG_CONFIG_PATH: /opt/hostedtoolcache/Python/3.11.13/x64/lib/pkgconfig
2025-07-02T19:26:19.9692310Z   Python_ROOT_DIR: /opt/hostedtoolcache/Python/3.11.13/x64
2025-07-02T19:26:19.9692664Z   Python2_ROOT_DIR: /opt/hostedtoolcache/Python/3.11.13/x64
2025-07-02T19:26:19.9693025Z   Python3_ROOT_DIR: /opt/hostedtoolcache/Python/3.11.13/x64
2025-07-02T19:26:19.9693366Z   LD_LIBRARY_PATH: /opt/hostedtoolcache/Python/3.11.13/x64/lib
2025-07-02T19:26:19.9693652Z ##[endgroup]
2025-07-02T19:26:20.3375563Z --- /home/runner/work/campus-connect/campus-connect/backend/app/api/api_v1/api.py	2025-07-02 19:26:03.528671+00:00
2025-07-02T19:26:20.3387308Z would reformat /home/runner/work/campus-connect/campus-connect/backend/app/api/api_v1/api.py
2025-07-02T19:26:20.3388629Z +++ /home/runner/work/campus-connect/campus-connect/backend/app/api/api_v1/api.py	2025-07-02 19:26:20.335851+00:00
2025-07-02T19:26:20.3412042Z @@ -3,6 +3,6 @@
2025-07-02T19:26:20.3412744Z  
2025-07-02T19:26:20.3413534Z  api_router = APIRouter()
2025-07-02T19:26:20.3414165Z  
2025-07-02T19:26:20.3418248Z  api_router.include_router(users.router, prefix="/users", tags=["users"])
2025-07-02T19:26:20.3419164Z  api_router.include_router(projects.router, prefix="/projects", tags=["projects"])
2025-07-02T19:26:20.3420093Z -api_router.include_router(tasks.router, prefix="/tasks", tags=["tasks"]) 
2025-07-02T19:26:20.3420736Z \ No newline at end of file
2025-07-02T19:26:20.3421498Z +api_router.include_router(tasks.router, prefix="/tasks", tags=["tasks"])
2025-07-02T19:26:20.3643796Z --- /home/runner/work/campus-connect/campus-connect/backend/app/core/config.py	2025-07-02 19:26:03.528671+00:00
2025-07-02T19:26:20.3645597Z +++ /home/runner/work/campus-connect/campus-connect/backend/app/core/config.py	2025-07-02 19:26:20.363058+00:00
2025-07-02T19:26:20.3646741Z @@ -1,31 +1,33 @@
2025-07-02T19:26:20.3647378Z  from typing import List
2025-07-02T19:26:20.3647835Z  from pydantic import BaseSettings, validator
2025-07-02T19:26:20.3648286Z +
2025-07-02T19:26:20.3648529Z  
2025-07-02T19:26:20.3648818Z  class Settings(BaseSettings):
2025-07-02T19:26:20.3649221Z      API_V1_STR: str = "/api/v1"
2025-07-02T19:26:20.3649644Z      PROJECT_NAME: str = "CampusConnect"
2025-07-02T19:26:20.3650080Z -    
2025-07-02T19:26:20.3650344Z +
2025-07-02T19:26:20.3650596Z      # Database
2025-07-02T19:26:20.3652466Z      DATABASE_URL: str = "***localhost/campusconnect"
2025-07-02T19:26:20.3652973Z -    
2025-07-02T19:26:20.3653237Z +
2025-07-02T19:26:20.3653486Z      # Security
2025-07-02T19:26:20.3653849Z      SECRET_KEY: str = "your-secret-key-here"
2025-07-02T19:26:20.3654306Z      ALGORITHM: str = "HS256"
2025-07-02T19:26:20.3654727Z      ACCESS_TOKEN_EXPIRE_MINUTES: int = 30
2025-07-02T19:26:20.3655131Z -    
2025-07-02T19:26:20.3655387Z +
2025-07-02T19:26:20.3655638Z      # CORS
2025-07-02T19:26:20.3656186Z      BACKEND_CORS_ORIGINS: List[str] = ["http://localhost:3000", "http://localhost:8000"]
2025-07-02T19:26:20.3656827Z -    
2025-07-02T19:26:20.3657077Z +
2025-07-02T19:26:20.3657400Z      @validator("BACKEND_CORS_ORIGINS", pre=True)
2025-07-02T19:26:20.3657905Z      def assemble_cors_origins(cls, v):
2025-07-02T19:26:20.3658405Z          if isinstance(v, str) and not v.startswith("["):
2025-07-02T19:26:20.3659425Z              return [i.strip() for i in v.split(",")]
2025-07-02T19:26:20.3659908Z          elif isinstance(v, (list, str)):
2025-07-02T19:26:20.3660310Z              return v
2025-07-02T19:26:20.3660636Z          raise ValueError(v)
2025-07-02T19:26:20.3660966Z -    
2025-07-02T19:26:20.3661395Z +
2025-07-02T19:26:20.3661650Z      class Config:
2025-07-02T19:26:20.3661977Z          case_sensitive = True
2025-07-02T19:26:20.3662656Z          env_file = ".env"
2025-07-02T19:26:20.3662999Z  
2025-07-02T19:26:20.3663265Z -settings = Settings() 
2025-07-02T19:26:20.3663612Z \ No newline at end of file
2025-07-02T19:26:20.3663950Z +
2025-07-02T19:26:20.3664548Z would reformat /home/runner/work/campus-connect/campus-connect/backend/app/core/config.py
2025-07-02T19:26:20.3665269Z +settings = Settings()
2025-07-02T19:26:20.3743595Z --- /home/runner/work/campus-connect/campus-connect/backend/app/api/api_v1/endpoints/users.py	2025-07-02 19:26:03.528671+00:00
2025-07-02T19:26:20.3745185Z +++ /home/runner/work/campus-connect/campus-connect/backend/app/api/api_v1/endpoints/users.py	2025-07-02 19:26:20.372627+00:00
2025-07-02T19:26:20.3746137Z @@ -5,42 +5,47 @@
2025-07-02T19:26:20.3746578Z  from app.schemas.user import User, UserCreate, UserUpdate
2025-07-02T19:26:20.3747171Z  from app.services.user_service import UserService
2025-07-02T19:26:20.3747610Z  
2025-07-02T19:26:20.3747873Z  router = APIRouter()
2025-07-02T19:26:20.3748168Z  
2025-07-02T19:26:20.3748413Z +
2025-07-02T19:26:20.3748855Z  @router.post("/", response_model=User, status_code=status.HTTP_201_CREATED)
2025-07-02T19:26:20.3749604Z  def create_user(user: UserCreate, db: Session = Depends(get_db)):
2025-07-02T19:26:20.3750188Z      """Create a new user"""
2025-07-02T19:26:20.3751951Z would reformat /home/runner/work/campus-connect/campus-connect/backend/app/api/api_v1/endpoints/users.py
2025-07-02T19:26:20.3752793Z      user_service = UserService(db)
2025-07-02T19:26:20.3753238Z      return user_service.create_user(user)
2025-07-02T19:26:20.3753686Z  
2025-07-02T19:26:20.3753950Z +
2025-07-02T19:26:20.3754265Z  @router.get("/", response_model=List[User])
2025-07-02T19:26:20.3754902Z  def get_users(skip: int = 0, limit: int = 100, db: Session = Depends(get_db)):
2025-07-02T19:26:20.3755300Z      """Get all users"""
2025-07-02T19:26:20.3755606Z      user_service = UserService(db)
2025-07-02T19:26:20.3756119Z      return user_service.get_users(skip=skip, limit=limit)
2025-07-02T19:26:20.3756607Z +
2025-07-02T19:26:20.3756871Z  
2025-07-02T19:26:20.3757217Z  @router.get("/{user_id}", response_model=User)
2025-07-02T19:26:20.3757617Z  def get_user(user_id: int, db: Session = Depends(get_db)):
2025-07-02T19:26:20.3757903Z      """Get a specific user by ID"""
2025-07-02T19:26:20.3758232Z      user_service = UserService(db)
2025-07-02T19:26:20.3758670Z      user = user_service.get_user(user_id)
2025-07-02T19:26:20.3759102Z      if not user:
2025-07-02T19:26:20.3759566Z          raise HTTPException(status_code=404, detail="User not found")
2025-07-02T19:26:20.3760120Z      return user
2025-07-02T19:26:20.3760398Z  
2025-07-02T19:26:20.3760631Z +
2025-07-02T19:26:20.3760956Z  @router.put("/{user_id}", response_model=User)
2025-07-02T19:26:20.3761864Z  def update_user(user_id: int, user_update: UserUpdate, db: Session = Depends(get_db)):
2025-07-02T19:26:20.3762550Z      """Update a user"""
2025-07-02T19:26:20.3762887Z      user_service = UserService(db)
2025-07-02T19:26:20.3763297Z      user = user_service.update_user(user_id, user_update)
2025-07-02T19:26:20.3763783Z      if not user:
2025-07-02T19:26:20.3764250Z          raise HTTPException(status_code=404, detail="User not found")
2025-07-02T19:26:20.3764803Z      return user
2025-07-02T19:26:20.3765102Z  
2025-07-02T19:26:20.3765363Z +
2025-07-02T19:26:20.3765803Z  @router.delete("/{user_id}", status_code=status.HTTP_204_NO_CONTENT)
2025-07-02T19:26:20.3766449Z  def delete_user(user_id: int, db: Session = Depends(get_db)):
2025-07-02T19:26:20.3766979Z      """Delete a user"""
2025-07-02T19:26:20.3767662Z      user_service = UserService(db)
2025-07-02T19:26:20.3768124Z      success = user_service.delete_user(user_id)
2025-07-02T19:26:20.3768593Z      if not success:
2025-07-02T19:26:20.3769077Z -        raise HTTPException(status_code=404, detail="User not found") 
2025-07-02T19:26:20.3769678Z \ No newline at end of file
2025-07-02T19:26:20.3770188Z +        raise HTTPException(status_code=404, detail="User not found")
2025-07-02T19:26:20.3775625Z --- /home/runner/work/campus-connect/campus-connect/backend/app/api/api_v1/endpoints/tasks.py	2025-07-02 19:26:03.528671+00:00
2025-07-02T19:26:20.3776855Z +++ /home/runner/work/campus-connect/campus-connect/backend/app/api/api_v1/endpoints/tasks.py	2025-07-02 19:26:20.374601+00:00
2025-07-02T19:26:20.3778453Z @@ -5,48 +5,54 @@
2025-07-02T19:26:20.3778714Z  from app.schemas.task import Task, TaskCreate, TaskUpdate
2025-07-02T19:26:20.3779053Z  from app.services.task_service import TaskService
2025-07-02T19:26:20.3779307Z  
2025-07-02T19:26:20.3779473Z  router = APIRouter()
2025-07-02T19:26:20.3779645Z  
2025-07-02T19:26:20.3779781Z +
2025-07-02T19:26:20.3780037Z  @router.post("/", response_model=Task, status_code=status.HTTP_201_CREATED)
2025-07-02T19:26:20.3780448Z  def create_task(task: TaskCreate, db: Session = Depends(get_db)):
2025-07-02T19:26:20.3780752Z      """Create a new task"""
2025-07-02T19:26:20.3780979Z      task_service = TaskService(db)
2025-07-02T19:26:20.3781543Z      return task_service.create_task(task)
2025-07-02T19:26:20.3781931Z +
2025-07-02T19:26:20.3782157Z  
2025-07-02T19:26:20.3782440Z  @router.get("/", response_model=List[Task])
2025-07-02T19:26:20.3783054Z  def get_tasks(skip: int = 0, limit: int = 100, db: Session = Depends(get_db)):
2025-07-02T19:26:20.3783666Z      """Get all tasks"""
2025-07-02T19:26:20.3784043Z      task_service = TaskService(db)
2025-07-02T19:26:20.3784564Z      return task_service.get_tasks(skip=skip, limit=limit)
2025-07-02T19:26:20.3785047Z  
2025-07-02T19:26:20.3785285Z +
2025-07-02T19:26:20.3785710Z  @router.get("/project/{project_id}", response_model=List[Task])
2025-07-02T19:26:20.3786444Z  def get_tasks_by_project(project_id: int, db: Session = Depends(get_db)):
2025-07-02T19:26:20.3792239Z      """Get all tasks for a specific project"""
2025-07-02T19:26:20.3792747Z      task_service = TaskService(db)
2025-07-02T19:26:20.3793291Z      return task_service.get_tasks_by_project(project_id)
2025-07-02T19:26:20.3793775Z +
2025-07-02T19:26:20.3794019Z  
2025-07-02T19:26:20.3794346Z  @router.get("/{task_id}", response_model=Task)
2025-07-02T19:26:20.3794910Z  def get_task(task_id: int, db: Session = Depends(get_db)):
2025-07-02T19:26:20.3795470Z      """Get a specific task by ID"""
2025-07-02T19:26:20.3795908Z      task_service = TaskService(db)
2025-07-02T19:26:20.3796332Z      task = task_service.get_task(task_id)
2025-07-02T19:26:20.3796722Z      if not task:
2025-07-02T19:26:20.3797158Z          raise HTTPException(status_code=404, detail="Task not found")
2025-07-02T19:26:20.3797678Z      return task
2025-07-02T19:26:20.3797970Z  
2025-07-02T19:26:20.3798197Z +
2025-07-02T19:26:20.3798510Z  @router.put("/{task_id}", response_model=Task)
2025-07-02T19:26:20.3799173Z  def update_task(task_id: int, task_update: TaskUpdate, db: Session = Depends(get_db)):
2025-07-02T19:26:20.3799830Z      """Update a task"""
2025-07-02T19:26:20.3800218Z      task_service = TaskService(db)
2025-07-02T19:26:20.3800780Z      task = task_service.update_task(task_id, task_update)
2025-07-02T19:26:20.3801488Z      if not task:
2025-07-02T19:26:20.3801970Z          raise HTTPException(status_code=404, detail="Task not found")
2025-07-02T19:26:20.3802527Z      return task
2025-07-02T19:26:20.3802815Z  
2025-07-02T19:26:20.3803074Z +
2025-07-02T19:26:20.3803511Z  @router.delete("/{task_id}", status_code=status.HTTP_204_NO_CONTENT)
2025-07-02T19:26:20.3804204Z  def delete_task(task_id: int, db: Session = Depends(get_db)):
2025-07-02T19:26:20.3804750Z      """Delete a task"""
2025-07-02T19:26:20.3805118Z      task_service = TaskService(db)
2025-07-02T19:26:20.3805816Z      success = task_service.delete_task(task_id)
2025-07-02T19:26:20.3806238Z      if not success:
2025-07-02T19:26:20.3806692Z -        raise HTTPException(status_code=404, detail="Task not found") 
2025-07-02T19:26:20.3807266Z \ No newline at end of file
2025-07-02T19:26:20.3807802Z +        raise HTTPException(status_code=404, detail="Task not found")
2025-07-02T19:26:20.3809136Z would reformat /home/runner/work/campus-connect/campus-connect/backend/app/api/api_v1/endpoints/projects.py
2025-07-02T19:26:20.3810486Z would reformat /home/runner/work/campus-connect/campus-connect/backend/app/api/api_v1/endpoints/tasks.py
2025-07-02T19:26:20.3812323Z --- /home/runner/work/campus-connect/campus-connect/backend/app/api/api_v1/endpoints/projects.py	2025-07-02 19:26:03.528671+00:00
2025-07-02T19:26:20.3813896Z +++ /home/runner/work/campus-connect/campus-connect/backend/app/api/api_v1/endpoints/projects.py	2025-07-02 19:26:20.373709+00:00
2025-07-02T19:26:20.3814818Z @@ -5,44 +5,51 @@
2025-07-02T19:26:20.3815326Z  from app.schemas.project import Project, ProjectCreate, ProjectUpdate
2025-07-02T19:26:20.3816002Z  from app.services.project_service import ProjectService
2025-07-02T19:26:20.3816526Z  
2025-07-02T19:26:20.3816827Z  router = APIRouter()
2025-07-02T19:26:20.3817152Z  
2025-07-02T19:26:20.3817410Z +
2025-07-02T19:26:20.3817895Z  @router.post("/", response_model=Project, status_code=status.HTTP_201_CREATED)
2025-07-02T19:26:20.3818783Z  def create_project(project: ProjectCreate, db: Session = Depends(get_db)):
2025-07-02T19:26:20.3819444Z      """Create a new project"""
2025-07-02T19:26:20.3819881Z      project_service = ProjectService(db)
2025-07-02T19:26:20.3820371Z      # TODO: Get current user from authentication
2025-07-02T19:26:20.3820874Z      owner_id = 1  # Temporary hardcoded for now
2025-07-02T19:26:20.3821679Z      return project_service.create_project(project, owner_id)
2025-07-02T19:26:20.3822211Z  
2025-07-02T19:26:20.3822489Z +
2025-07-02T19:26:20.3822840Z  @router.get("/", response_model=List[Project])
2025-07-02T19:26:20.3823555Z  def get_projects(skip: int = 0, limit: int = 100, db: Session = Depends(get_db)):
2025-07-02T19:26:20.3824192Z      """Get all projects"""
2025-07-02T19:26:20.3824619Z      project_service = ProjectService(db)
2025-07-02T19:26:20.3825214Z      return project_service.get_projects(skip=skip, limit=limit)
2025-07-02T19:26:20.3825751Z +
2025-07-02T19:26:20.3826009Z  
2025-07-02T19:26:20.3826387Z  @router.get("/{project_id}", response_model=Project)
2025-07-02T19:26:20.3827034Z  def get_project(project_id: int, db: Session = Depends(get_db)):
2025-07-02T19:26:20.3827624Z      """Get a specific project by ID"""
2025-07-02T19:26:20.3828091Z      project_service = ProjectService(db)
2025-07-02T19:26:20.3828611Z      project = project_service.get_project(project_id)
2025-07-02T19:26:20.3829107Z      if not project:
2025-07-02T19:26:20.3829607Z          raise HTTPException(status_code=404, detail="Project not found")
2025-07-02T19:26:20.3830195Z      return project
2025-07-02T19:26:20.3830502Z  
2025-07-02T19:26:20.3830743Z +
2025-07-02T19:26:20.3831091Z  @router.put("/{project_id}", response_model=Project)
2025-07-02T19:26:20.3832110Z -def update_project(project_id: int, project_update: ProjectUpdate, db: Session = Depends(get_db)):
2025-07-02T19:26:20.3832876Z +def update_project(
2025-07-02T19:26:20.3834391Z +    project_id: int, project_update: ProjectUpdate, db: Session = Depends(get_db)
2025-07-02T19:26:20.3835051Z +):
2025-07-02T19:26:20.3835343Z      """Update a project"""
2025-07-02T19:26:20.3835758Z      project_service = ProjectService(db)
2025-07-02T19:26:20.3836380Z      project = project_service.update_project(project_id, project_update)
2025-07-02T19:26:20.3836978Z      if not project:
2025-07-02T19:26:20.3837476Z          raise HTTPException(status_code=404, detail="Project not found")
2025-07-02T19:26:20.3838038Z      return project
2025-07-02T19:26:20.3838339Z  
2025-07-02T19:26:20.3838576Z +
2025-07-02T19:26:20.3839016Z  @router.delete("/{project_id}", status_code=status.HTTP_204_NO_CONTENT)
2025-07-02T19:26:20.3840018Z  def delete_project(project_id: int, db: Session = Depends(get_db)):
2025-07-02T19:26:20.3840609Z      """Delete a project"""
2025-07-02T19:26:20.3841008Z      project_service = ProjectService(db)
2025-07-02T19:26:20.3841725Z      success = project_service.delete_project(project_id)
2025-07-02T19:26:20.3842221Z      if not success:
2025-07-02T19:26:20.3842913Z -        raise HTTPException(status_code=404, detail="Project not found") 
2025-07-02T19:26:20.3843540Z \ No newline at end of file
2025-07-02T19:26:20.3844055Z +        raise HTTPException(status_code=404, detail="Project not found")
2025-07-02T19:26:20.3845105Z --- /home/runner/work/campus-connect/campus-connect/backend/app/core/database.py	2025-07-02 19:26:03.528671+00:00
2025-07-02T19:26:20.3846515Z +++ /home/runner/work/campus-connect/campus-connect/backend/app/core/database.py	2025-07-02 19:26:20.378500+00:00
2025-07-02T19:26:20.3847378Z @@ -6,11 +6,12 @@
2025-07-02T19:26:20.3847770Z  engine = create_engine(settings.DATABASE_URL)
2025-07-02T19:26:20.3848450Z  SessionLocal = sessionmaker(autocommit=False, autoflush=False, bind=engine)
2025-07-02T19:26:20.3849065Z  
2025-07-02T19:26:20.3849341Z  Base = declarative_base()
2025-07-02T19:26:20.3849677Z  
2025-07-02T19:26:20.3849909Z +
2025-07-02T19:26:20.3888624Z  def get_db():
2025-07-02T19:26:20.3889023Z      db = SessionLocal()
2025-07-02T19:26:20.3889396Z      try:
2025-07-02T19:26:20.3889690Z          yield db
2025-07-02T19:26:20.3889999Z      finally:
2025-07-02T19:26:20.3890289Z -        db.close() 
2025-07-02T19:26:20.3890643Z \ No newline at end of file
2025-07-02T19:26:20.3891004Z +        db.close()
2025-07-02T19:26:20.3891857Z would reformat /home/runner/work/campus-connect/campus-connect/backend/app/core/database.py
2025-07-02T19:26:20.3897037Z would reformat /home/runner/work/campus-connect/campus-connect/backend/app/models/__init__.py
2025-07-02T19:26:20.3940284Z --- /home/runner/work/campus-connect/campus-connect/backend/app/models/__init__.py	2025-07-02 19:26:03.528671+00:00
2025-07-02T19:26:20.3942129Z +++ /home/runner/work/campus-connect/campus-connect/backend/app/models/__init__.py	2025-07-02 19:26:20.384379+00:00
2025-07-02T19:26:20.3943937Z @@ -1,3 +1,3 @@
2025-07-02T19:26:20.3944278Z  from .user import User
2025-07-02T19:26:20.3944666Z  from .project import Project
2025-07-02T19:26:20.3945085Z -from .task import Task, TaskStatus 
2025-07-02T19:26:20.3945540Z \ No newline at end of file
2025-07-02T19:26:20.3945927Z +from .task import Task, TaskStatus
2025-07-02T19:26:20.3999960Z --- /home/runner/work/campus-connect/campus-connect/backend/app/main.py	2025-07-02 19:26:03.528671+00:00
2025-07-02T19:26:20.4001710Z +++ /home/runner/work/campus-connect/campus-connect/backend/app/main.py	2025-07-02 19:26:20.398902+00:00
2025-07-02T19:26:20.4002723Z @@ -5,11 +5,11 @@
2025-07-02T19:26:20.4003192Z  
2025-07-02T19:26:20.4003605Z  app = FastAPI(
2025-07-02T19:26:20.4004116Z      title="CampusConnect API",
2025-07-02T19:26:20.4004923Z      description="A centralized platform for university student collaboration",
2025-07-02T19:26:20.4006797Z      version="1.0.0",
2025-07-02T19:26:20.4007280Z -    openapi_url=f"{settings.API_V1_STR}/openapi.json"
2025-07-02T19:26:20.4007906Z +    openapi_url=f"{settings.API_V1_STR}/openapi.json",
2025-07-02T19:26:20.4008411Z  )
2025-07-02T19:26:20.4008680Z  
2025-07-02T19:26:20.4008963Z  # Set up CORS
2025-07-02T19:26:20.4009304Z  app.add_middleware(
2025-07-02T19:26:20.4009668Z      CORSMiddleware,
2025-07-02T19:26:20.4010008Z @@ -20,12 +20,14 @@
2025-07-02T19:26:20.4010305Z  )
2025-07-02T19:26:20.4010574Z  
2025-07-02T19:26:20.4010852Z  # Include API router
2025-07-02T19:26:20.4011530Z  app.include_router(api_router, prefix=settings.API_V1_STR)
2025-07-02T19:26:20.4012070Z  
2025-07-02T19:26:20.4012334Z +
2025-07-02T19:26:20.4012599Z  @app.get("/")
2025-07-02T19:26:20.4012925Z  async def root():
2025-07-02T19:26:20.4013337Z      return {"message": "Welcome to CampusConnect API"}
2025-07-02T19:26:20.4014111Z  
2025-07-02T19:26:20.4014380Z +
2025-07-02T19:26:20.4014654Z  @app.get("/health")
2025-07-02T19:26:20.4015020Z  async def health_check():
2025-07-02T19:26:20.4015406Z -    return {"status": "healthy"} 
2025-07-02T19:26:20.4015815Z \ No newline at end of file
2025-07-02T19:26:20.4016175Z +    return {"status": "healthy"}
2025-07-02T19:26:20.4025302Z would reformat /home/runner/work/campus-connect/campus-connect/backend/app/main.py
2025-07-02T19:26:20.4037527Z --- /home/runner/work/campus-connect/campus-connect/backend/app/models/project.py	2025-07-02 19:26:03.528671+00:00
2025-07-02T19:26:20.4040152Z +++ /home/runner/work/campus-connect/campus-connect/backend/app/models/project.py	2025-07-02 19:26:20.402135+00:00
2025-07-02T19:26:20.4041018Z @@ -1,19 +1,20 @@
2025-07-02T19:26:20.4041768Z  from sqlalchemy import Column, Integer, String, DateTime, Text, ForeignKey
2025-07-02T19:26:20.4042461Z  from sqlalchemy.sql import func
2025-07-02T19:26:20.4042916Z  from sqlalchemy.orm import relationship
2025-07-02T19:26:20.4043434Z  from app.core.database import Base
2025-07-02T19:26:20.4043854Z  
2025-07-02T19:26:20.4044102Z +
2025-07-02T19:26:20.4044386Z  class Project(Base):
2025-07-02T19:26:20.4044751Z      __tablename__ = "projects"
2025-07-02T19:26:20.4045130Z -    
2025-07-02T19:26:20.4045397Z +
2025-07-02T19:26:20.4045752Z      id = Column(Integer, primary_key=True, index=True)
2025-07-02T19:26:20.4046281Z      title = Column(String, nullable=False)
2025-07-02T19:26:20.4046771Z      description = Column(Text)
2025-07-02T19:26:20.4047339Z      owner_id = Column(Integer, ForeignKey("users.id"), nullable=False)
2025-07-02T19:26:20.4048122Z      created_at = Column(DateTime(timezone=True), server_default=func.now())
2025-07-02T19:26:20.4048908Z      updated_at = Column(DateTime(timezone=True), onupdate=func.now())
2025-07-02T19:26:20.4049475Z -    
2025-07-02T19:26:20.4049751Z +
2025-07-02T19:26:20.4050022Z      # Relationships
2025-07-02T19:26:20.4050496Z      owner = relationship("User", back_populates="projects")
2025-07-02T19:26:20.4051319Z      tasks = relationship("Task", back_populates="project")
2025-07-02T19:26:20.4052011Z -    members = relationship("ProjectMember", back_populates="project") 
2025-07-02T19:26:20.4052556Z \ No newline at end of file
2025-07-02T19:26:20.4053041Z +    members = relationship("ProjectMember", back_populates="project")
2025-07-02T19:26:20.4072368Z would reformat /home/runner/work/campus-connect/campus-connect/backend/app/models/project.py
2025-07-02T19:26:20.4137863Z --- /home/runner/work/campus-connect/campus-connect/backend/app/models/user.py	2025-07-02 19:26:03.529671+00:00
2025-07-02T19:26:20.4139542Z +++ /home/runner/work/campus-connect/campus-connect/backend/app/models/user.py	2025-07-02 19:26:20.412695+00:00
2025-07-02T19:26:20.4141783Z @@ -1,15 +1,16 @@
2025-07-02T19:26:20.4142327Z  from sqlalchemy import Column, Integer, String, DateTime, Boolean
2025-07-02T19:26:20.4142957Z  from sqlalchemy.sql import func
2025-07-02T19:26:20.4143418Z  from app.core.database import Base
2025-07-02T19:26:20.4143839Z  
2025-07-02T19:26:20.4144105Z +
2025-07-02T19:26:20.4144373Z  class User(Base):
2025-07-02T19:26:20.4144720Z      __tablename__ = "users"
2025-07-02T19:26:20.4145085Z -    
2025-07-02T19:26:20.4145365Z +
2025-07-02T19:26:20.4145737Z      id = Column(Integer, primary_key=True, index=True)
2025-07-02T19:26:20.4146375Z      email = Column(String, unique=True, index=True, nullable=False)
2025-07-02T19:26:20.4147139Z      username = Column(String, unique=True, index=True, nullable=False)
2025-07-02T19:26:20.4147778Z      full_name = Column(String, nullable=False)
2025-07-02T19:26:20.4148323Z      hashed_password = Column(String, nullable=False)
2025-07-02T19:26:20.4148845Z      is_active = Column(Boolean, default=True)
2025-07-02T19:26:20.4149494Z      created_at = Column(DateTime(timezone=True), server_default=func.now())
2025-07-02T19:26:20.4156874Z -    updated_at = Column(DateTime(timezone=True), onupdate=func.now()) 
2025-07-02T19:26:20.4157539Z \ No newline at end of file
2025-07-02T19:26:20.4158352Z +    updated_at = Column(DateTime(timezone=True), onupdate=func.now())
2025-07-02T19:26:20.4159277Z would reformat /home/runner/work/campus-connect/campus-connect/backend/app/models/user.py
2025-07-02T19:26:20.4160332Z would reformat /home/runner/work/campus-connect/campus-connect/backend/app/models/task.py
2025-07-02T19:26:20.4161991Z --- /home/runner/work/campus-connect/campus-connect/backend/app/models/task.py	2025-07-02 19:26:03.529671+00:00
2025-07-02T19:26:20.4163345Z +++ /home/runner/work/campus-connect/campus-connect/backend/app/models/task.py	2025-07-02 19:26:20.413911+00:00
2025-07-02T19:26:20.4164203Z @@ -1,28 +1,30 @@
2025-07-02T19:26:20.4164759Z  from sqlalchemy import Column, Integer, String, DateTime, Text, ForeignKey, Enum
2025-07-02T19:26:20.4165445Z  from sqlalchemy.sql import func
2025-07-02T19:26:20.4165883Z  from sqlalchemy.orm import relationship
2025-07-02T19:26:20.4166326Z  import enum
2025-07-02T19:26:20.4166657Z  from app.core.database import Base
2025-07-02T19:26:20.4167057Z +
2025-07-02T19:26:20.4167306Z  
2025-07-02T19:26:20.4167586Z  class TaskStatus(str, enum.Enum):
2025-07-02T19:26:20.4167985Z      TODO = "todo"
2025-07-02T19:26:20.4168314Z      IN_PROGRESS = "in_progress"
2025-07-02T19:26:20.4168704Z      REVIEW = "review"
2025-07-02T19:26:20.4169019Z      DONE = "done"
2025-07-02T19:26:20.4169312Z  
2025-07-02T19:26:20.4169549Z +
2025-07-02T19:26:20.4169814Z  class Task(Base):
2025-07-02T19:26:20.4170143Z      __tablename__ = "tasks"
2025-07-02T19:26:20.4170493Z -    
2025-07-02T19:26:20.4170752Z +
2025-07-02T19:26:20.4171085Z      id = Column(Integer, primary_key=True, index=True)
2025-07-02T19:26:20.4171784Z      title = Column(String, nullable=False)
2025-07-02T19:26:20.4172218Z      description = Column(Text)
2025-07-02T19:26:20.4172706Z      status = Column(Enum(TaskStatus), default=TaskStatus.TODO)
2025-07-02T19:26:20.4173416Z      project_id = Column(Integer, ForeignKey("projects.id"), nullable=False)
2025-07-02T19:26:20.4174124Z      assigned_to = Column(Integer, ForeignKey("users.id"))
2025-07-02T19:26:20.4174679Z      due_date = Column(DateTime(timezone=True))
2025-07-02T19:26:20.4175304Z      created_at = Column(DateTime(timezone=True), server_default=func.now())
2025-07-02T19:26:20.4176056Z      updated_at = Column(DateTime(timezone=True), onupdate=func.now())
2025-07-02T19:26:20.4176595Z -    
2025-07-02T19:26:20.4176861Z +
2025-07-02T19:26:20.4177123Z      # Relationships
2025-07-02T19:26:20.4177588Z      project = relationship("Project", back_populates="tasks")
2025-07-02T19:26:20.4178133Z -    assignee = relationship("User") 
2025-07-02T19:26:20.4178555Z \ No newline at end of file
2025-07-02T19:26:20.4178928Z +    assignee = relationship("User")
2025-07-02T19:26:20.4189679Z --- /home/runner/work/campus-connect/campus-connect/backend/app/schemas/project.py	2025-07-02 19:26:03.529671+00:00
2025-07-02T19:26:20.4193787Z +++ /home/runner/work/campus-connect/campus-connect/backend/app/schemas/project.py	2025-07-02 19:26:20.417484+00:00
2025-07-02T19:26:20.4204849Z @@ -1,23 +1,27 @@
2025-07-02T19:26:20.4205236Z  from pydantic import BaseModel
2025-07-02T19:26:20.4205661Z  from typing import Optional
2025-07-02T19:26:20.4206071Z  from datetime import datetime
2025-07-02T19:26:20.4206440Z +
2025-07-02T19:26:20.4206701Z  
2025-07-02T19:26:20.4206991Z  class ProjectBase(BaseModel):
2025-07-02T19:26:20.4207424Z      title: str
2025-07-02T19:26:20.4208507Z      description: Optional[str] = None
2025-07-02T19:26:20.4212448Z  
2025-07-02T19:26:20.4212967Z +
2025-07-02T19:26:20.4213425Z  class ProjectCreate(ProjectBase):
2025-07-02T19:26:20.4215034Z      pass
2025-07-02T19:26:20.4215423Z +
2025-07-02T19:26:20.4215762Z  
2025-07-02T19:26:20.4217359Z  class ProjectUpdate(BaseModel):
2025-07-02T19:26:20.4217789Z      title: Optional[str] = None
2025-07-02T19:26:20.4218222Z      description: Optional[str] = None
2025-07-02T19:26:20.4218625Z +
2025-07-02T19:26:20.4218875Z  
2025-07-02T19:26:20.4219163Z  class Project(ProjectBase):
2025-07-02T19:26:20.4219834Z      id: int
2025-07-02T19:26:20.4220125Z      owner_id: int
2025-07-02T19:26:20.4220440Z      created_at: datetime
2025-07-02T19:26:20.4220826Z      updated_at: Optional[datetime] = None
2025-07-02T19:26:20.4221451Z -    
2025-07-02T19:26:20.4221727Z +
2025-07-02T19:26:20.4221978Z      class Config:
2025-07-02T19:26:20.4222317Z -        from_attributes = True 
2025-07-02T19:26:20.4222710Z \ No newline at end of file
2025-07-02T19:26:20.4223289Z +        from_attributes = True
2025-07-02T19:26:20.4224054Z would reformat /home/runner/work/campus-connect/campus-connect/backend/app/schemas/project.py
2025-07-02T19:26:20.4306773Z --- /home/runner/work/campus-connect/campus-connect/backend/app/schemas/task.py	2025-07-02 19:26:03.529671+00:00
2025-07-02T19:26:20.4312012Z +++ /home/runner/work/campus-connect/campus-connect/backend/app/schemas/task.py	2025-07-02 19:26:20.429576+00:00
2025-07-02T19:26:20.4312884Z @@ -1,31 +1,35 @@
2025-07-02T19:26:20.4313240Z  from pydantic import BaseModel
2025-07-02T19:26:20.4313692Z  from typing import Optional
2025-07-02T19:26:20.4314110Z  from datetime import datetime
2025-07-02T19:26:20.4314552Z  from app.models.task import TaskStatus
2025-07-02T19:26:20.4314975Z +
2025-07-02T19:26:20.4315233Z  
2025-07-02T19:26:20.4315531Z  class TaskBase(BaseModel):
2025-07-02T19:26:20.4315909Z      title: str
2025-07-02T19:26:20.4316253Z      description: Optional[str] = None
2025-07-02T19:26:20.4316719Z      status: TaskStatus = TaskStatus.TODO
2025-07-02T19:26:20.4317210Z      due_date: Optional[datetime] = None
2025-07-02T19:26:20.4317615Z  
2025-07-02T19:26:20.4317877Z +
2025-07-02T19:26:20.4318169Z  class TaskCreate(TaskBase):
2025-07-02T19:26:20.4318564Z      project_id: int
2025-07-02T19:26:20.4318931Z      assigned_to: Optional[int] = None
2025-07-02T19:26:20.4319350Z +
2025-07-02T19:26:20.4319603Z  
2025-07-02T19:26:20.4319899Z  class TaskUpdate(BaseModel):
2025-07-02T19:26:20.4320316Z      title: Optional[str] = None
2025-07-02T19:26:20.4320762Z      description: Optional[str] = None
2025-07-02T19:26:20.4321460Z      status: Optional[TaskStatus] = None
2025-07-02T19:26:20.4321942Z      assigned_to: Optional[int] = None
2025-07-02T19:26:20.4322421Z      due_date: Optional[datetime] = None
2025-07-02T19:26:20.4322809Z  
2025-07-02T19:26:20.4323044Z +
2025-07-02T19:26:20.4323290Z  class Task(TaskBase):
2025-07-02T19:26:20.4323621Z      id: int
2025-07-02T19:26:20.4323921Z      project_id: int
2025-07-02T19:26:20.4324317Z      assigned_to: Optional[int] = None
2025-07-02T19:26:20.4324766Z      created_at: datetime
2025-07-02T19:26:20.4325169Z      updated_at: Optional[datetime] = None
2025-07-02T19:26:20.4325610Z -    
2025-07-02T19:26:20.4325885Z +
2025-07-02T19:26:20.4326157Z      class Config:
2025-07-02T19:26:20.4326507Z -        from_attributes = True 
2025-07-02T19:26:20.4326930Z \ No newline at end of file
2025-07-02T19:26:20.4327315Z +        from_attributes = True
2025-07-02T19:26:20.4328060Z would reformat /home/runner/work/campus-connect/campus-connect/backend/app/schemas/task.py
2025-07-02T19:26:20.4343986Z --- /home/runner/work/campus-connect/campus-connect/backend/app/schemas/user.py	2025-07-02 19:26:03.529671+00:00
2025-07-02T19:26:20.4349583Z +++ /home/runner/work/campus-connect/campus-connect/backend/app/schemas/user.py	2025-07-02 19:26:20.433007+00:00
2025-07-02T19:26:20.4352471Z @@ -1,25 +1,29 @@
2025-07-02T19:26:20.4353702Z  from pydantic import BaseModel, EmailStr
2025-07-02T19:26:20.4354221Z  from typing import Optional
2025-07-02T19:26:20.4354651Z  from datetime import datetime
2025-07-02T19:26:20.4355031Z +
2025-07-02T19:26:20.4355294Z  
2025-07-02T19:26:20.4355579Z  class UserBase(BaseModel):
2025-07-02T19:26:20.4355967Z      email: EmailStr
2025-07-02T19:26:20.4356296Z      username: str
2025-07-02T19:26:20.4356619Z      full_name: str
2025-07-02T19:26:20.4356917Z  
2025-07-02T19:26:20.4357176Z +
2025-07-02T19:26:20.4357466Z  class UserCreate(UserBase):
2025-07-02T19:26:20.4357873Z      password: str
2025-07-02T19:26:20.4358187Z +
2025-07-02T19:26:20.4358452Z  
2025-07-02T19:26:20.4359042Z  class UserUpdate(BaseModel):
2025-07-02T19:26:20.4359481Z      email: Optional[EmailStr] = None
2025-07-02T19:26:20.4359935Z      username: Optional[str] = None
2025-07-02T19:26:20.4360375Z      full_name: Optional[str] = None
2025-07-02T19:26:20.4360786Z  
2025-07-02T19:26:20.4361035Z +
2025-07-02T19:26:20.4361526Z  class User(UserBase):
2025-07-02T19:26:20.4361854Z      id: int
2025-07-02T19:26:20.4362151Z      is_active: bool
2025-07-02T19:26:20.4362723Z      created_at: datetime
2025-07-02T19:26:20.4363160Z      updated_at: Optional[datetime] = None
2025-07-02T19:26:20.4363581Z -    
2025-07-02T19:26:20.4363858Z +
2025-07-02T19:26:20.4364123Z      class Config:
2025-07-02T19:26:20.4364466Z -        from_attributes = True 
2025-07-02T19:26:20.4364884Z \ No newline at end of file
2025-07-02T19:26:20.4365264Z +        from_attributes = True
2025-07-02T19:26:20.4366003Z would reformat /home/runner/work/campus-connect/campus-connect/backend/app/schemas/user.py
2025-07-02T19:26:20.4394857Z --- /home/runner/work/campus-connect/campus-connect/backend/tests/__init__.py	2025-07-02 19:26:03.529671+00:00
2025-07-02T19:26:20.4398048Z +++ /home/runner/work/campus-connect/campus-connect/backend/tests/__init__.py	2025-07-02 19:26:20.438596+00:00
2025-07-02T19:26:20.4398936Z @@ -1 +1 @@
2025-07-02T19:26:20.4399240Z -# Tests package 
2025-07-02T19:26:20.4399583Z \ No newline at end of file
2025-07-02T19:26:20.4399957Z +# Tests package
2025-07-02T19:26:20.4413410Z would reformat /home/runner/work/campus-connect/campus-connect/backend/tests/__init__.py
2025-07-02T19:26:20.4545996Z --- /home/runner/work/campus-connect/campus-connect/backend/app/services/project_service.py	2025-07-02 19:26:03.529671+00:00
2025-07-02T19:26:20.4547994Z +++ /home/runner/work/campus-connect/campus-connect/backend/app/services/project_service.py	2025-07-02 19:26:20.453359+00:00
2025-07-02T19:26:20.4548976Z @@ -1,46 +1,45 @@
2025-07-02T19:26:20.4549328Z  from sqlalchemy.orm import Session
2025-07-02T19:26:20.4549790Z  from app.models.project import Project
2025-07-02T19:26:20.4550408Z  from app.schemas.project import ProjectCreate, ProjectUpdate
2025-07-02T19:26:20.4550940Z  
2025-07-02T19:26:20.4551366Z +
2025-07-02T19:26:20.4551643Z  class ProjectService:
2025-07-02T19:26:20.4552024Z      def __init__(self, db: Session):
2025-07-02T19:26:20.4552444Z          self.db = db
2025-07-02T19:26:20.4552741Z -    
2025-07-02T19:26:20.4552993Z +
2025-07-02T19:26:20.4553475Z      def create_project(self, project: ProjectCreate, owner_id: int) -> Project:
2025-07-02T19:26:20.4554104Z          db_project = Project(
2025-07-02T19:26:20.4554480Z -            title=project.title,
2025-07-02T19:26:20.4554921Z -            description=project.description,
2025-07-02T19:26:20.4555365Z -            owner_id=owner_id
2025-07-02T19:26:20.4555932Z +            title=project.title, description=project.description, owner_id=owner_id
2025-07-02T19:26:20.4556533Z          )
2025-07-02T19:26:20.4556817Z          self.db.add(db_project)
2025-07-02T19:26:20.4557201Z          self.db.commit()
2025-07-02T19:26:20.4557558Z          self.db.refresh(db_project)
2025-07-02T19:26:20.4557964Z          return db_project
2025-07-02T19:26:20.4558285Z -    
2025-07-02T19:26:20.4558991Z would reformat /home/runner/work/campus-connect/campus-connect/backend/app/services/project_service.py
2025-07-02T19:26:20.4559787Z +
2025-07-02T19:26:20.4560140Z      def get_projects(self, skip: int = 0, limit: int = 100):
2025-07-02T19:26:20.4560789Z          return self.db.query(Project).offset(skip).limit(limit).all()
2025-07-02T19:26:20.4561453Z -    
2025-07-02T19:26:20.4561713Z +
2025-07-02T19:26:20.4562031Z      def get_project(self, project_id: int):
2025-07-02T19:26:20.4562678Z          return self.db.query(Project).filter(Project.id == project_id).first()
2025-07-02T19:26:20.4563281Z -    
2025-07-02T19:26:20.4563551Z +
2025-07-02T19:26:20.4564051Z      def update_project(self, project_id: int, project_update: ProjectUpdate):
2025-07-02T19:26:20.4564747Z          db_project = self.get_project(project_id)
2025-07-02T19:26:20.4565592Z          if not db_project:
2025-07-02T19:26:20.4565960Z              return None
2025-07-02T19:26:20.4566305Z -        
2025-07-02T19:26:20.4566584Z +
2025-07-02T19:26:20.4566966Z          update_data = project_update.dict(exclude_unset=True)
2025-07-02T19:26:20.4567546Z          for field, value in update_data.items():
2025-07-02T19:26:20.4568047Z              setattr(db_project, field, value)
2025-07-02T19:26:20.4568705Z -        
2025-07-02T19:26:20.4569015Z +
2025-07-02T19:26:20.4569310Z          self.db.commit()
2025-07-02T19:26:20.4569701Z          self.db.refresh(db_project)
2025-07-02T19:26:20.4570128Z          return db_project
2025-07-02T19:26:20.4570472Z -    
2025-07-02T19:26:20.4570745Z +
2025-07-02T19:26:20.4571286Z      def delete_project(self, project_id: int) -> bool:
2025-07-02T19:26:20.4571863Z          db_project = self.get_project(project_id)
2025-07-02T19:26:20.4572347Z          if not db_project:
2025-07-02T19:26:20.4572716Z              return False
2025-07-02T19:26:20.4573070Z -        
2025-07-02T19:26:20.4573338Z +
2025-07-02T19:26:20.4573635Z          self.db.delete(db_project)
2025-07-02T19:26:20.4574056Z          self.db.commit()
2025-07-02T19:26:20.4574424Z -        return True 
2025-07-02T19:26:20.4574771Z \ No newline at end of file
2025-07-02T19:26:20.4575128Z +        return True
2025-07-02T19:26:20.4642699Z --- /home/runner/work/campus-connect/campus-connect/backend/tests/test_main.py	2025-07-02 19:26:03.529671+00:00
2025-07-02T19:26:20.4643967Z +++ /home/runner/work/campus-connect/campus-connect/backend/tests/test_main.py	2025-07-02 19:26:20.463144+00:00
2025-07-02T19:26:20.4644829Z @@ -1,28 +1,32 @@
2025-07-02T19:26:20.4645173Z  import pytest
2025-07-02T19:26:20.4645562Z  from fastapi.testclient import TestClient
2025-07-02T19:26:20.4646074Z  from app.main import app
2025-07-02T19:26:20.4646427Z  
2025-07-02T19:26:20.4646726Z  client = TestClient(app)
2025-07-02T19:26:20.4647074Z +
2025-07-02T19:26:20.4647335Z  
2025-07-02T19:26:20.4647641Z  def test_read_root():
2025-07-02T19:26:20.4648009Z      """Test the root endpoint"""
2025-07-02T19:26:20.4648440Z      response = client.get("/")
2025-07-02T19:26:20.4648843Z      assert response.status_code == 200
2025-07-02T19:26:20.4649457Z      assert response.json() == {"message": "Welcome to CampusConnect API"}
2025-07-02T19:26:20.4650039Z  
2025-07-02T19:26:20.4650296Z +
2025-07-02T19:26:20.4650574Z  def test_health_check():
2025-07-02T19:26:20.4650999Z      """Test the health check endpoint"""
2025-07-02T19:26:20.4651695Z      response = client.get("/health")
2025-07-02T19:26:20.4652153Z      assert response.status_code == 200
2025-07-02T19:26:20.4652669Z      assert response.json() == {"status": "healthy"}
2025-07-02T19:26:20.4653137Z  
2025-07-02T19:26:20.4653402Z +
2025-07-02T19:26:20.4653775Z  def test_api_docs():
2025-07-02T19:26:20.4654189Z      """Test that API documentation is accessible"""
2025-07-02T19:26:20.4654691Z      response = client.get("/docs")
2025-07-02T19:26:20.4655165Z      assert response.status_code == 200
2025-07-02T19:26:20.4655587Z  
2025-07-02T19:26:20.4655837Z +
2025-07-02T19:26:20.4656137Z  def test_openapi_schema():
2025-07-02T19:26:20.4656567Z      """Test that OpenAPI schema is accessible"""
2025-07-02T19:26:20.4657082Z      response = client.get("/openapi.json")
2025-07-02T19:26:20.4657575Z      assert response.status_code == 200
2025-07-02T19:26:20.4658052Z -    assert "openapi" in response.json() 
2025-07-02T19:26:20.4658532Z \ No newline at end of file
2025-07-02T19:26:20.4658958Z +    assert "openapi" in response.json()
2025-07-02T19:26:20.4663798Z would reformat /home/runner/work/campus-connect/campus-connect/backend/tests/test_main.py
2025-07-02T19:26:20.4681464Z --- /home/runner/work/campus-connect/campus-connect/backend/app/services/task_service.py	2025-07-02 19:26:03.529671+00:00
2025-07-02T19:26:20.4682973Z +++ /home/runner/work/campus-connect/campus-connect/backend/app/services/task_service.py	2025-07-02 19:26:20.467161+00:00
2025-07-02T19:26:20.4684648Z would reformat /home/runner/work/campus-connect/campus-connect/backend/app/services/task_service.py
2025-07-02T19:26:20.4685487Z @@ -1,52 +1,53 @@
2025-07-02T19:26:20.4685845Z  from sqlalchemy.orm import Session
2025-07-02T19:26:20.4686311Z  from app.models.task import Task
2025-07-02T19:26:20.4686831Z  from app.schemas.task import TaskCreate, TaskUpdate
2025-07-02T19:26:20.4687328Z  
2025-07-02T19:26:20.4687581Z +
2025-07-02T19:26:20.4688086Z  class TaskService:
2025-07-02T19:26:20.4688476Z      def __init__(self, db: Session):
2025-07-02T19:26:20.4688892Z          self.db = db
2025-07-02T19:26:20.4689209Z -    
2025-07-02T19:26:20.4689470Z +
2025-07-02T19:26:20.4689821Z      def create_task(self, task: TaskCreate) -> Task:
2025-07-02T19:26:20.4690306Z          db_task = Task(
2025-07-02T19:26:20.4690672Z              title=task.title,
2025-07-02T19:26:20.4691083Z              description=task.description,
2025-07-02T19:26:20.4691752Z              status=task.status,
2025-07-02T19:26:20.4692196Z              project_id=task.project_id,
2025-07-02T19:26:20.4692677Z              assigned_to=task.assigned_to,
2025-07-02T19:26:20.4693143Z -            due_date=task.due_date
2025-07-02T19:26:20.4693566Z +            due_date=task.due_date,
2025-07-02T19:26:20.4693964Z          )
2025-07-02T19:26:20.4694266Z          self.db.add(db_task)
2025-07-02T19:26:20.4694660Z          self.db.commit()
2025-07-02T19:26:20.4695038Z          self.db.refresh(db_task)
2025-07-02T19:26:20.4695456Z          return db_task
2025-07-02T19:26:20.4695806Z -    
2025-07-02T19:26:20.4696068Z +
2025-07-02T19:26:20.4696438Z      def get_tasks(self, skip: int = 0, limit: int = 100):
2025-07-02T19:26:20.4697063Z          return self.db.query(Task).offset(skip).limit(limit).all()
2025-07-02T19:26:20.4697600Z -    
2025-07-02T19:26:20.4697863Z +
2025-07-02T19:26:20.4698237Z      def get_tasks_by_project(self, project_id: int):
2025-07-02T19:26:20.4698911Z          return self.db.query(Task).filter(Task.project_id == project_id).all()
2025-07-02T19:26:20.4699526Z -    
2025-07-02T19:26:20.4699792Z +
2025-07-02T19:26:20.4700088Z      def get_task(self, task_id: int):
2025-07-02T19:26:20.4700681Z          return self.db.query(Task).filter(Task.id == task_id).first()
2025-07-02T19:26:20.4701453Z -    
2025-07-02T19:26:20.4701737Z +
2025-07-02T19:26:20.4702157Z      def update_task(self, task_id: int, task_update: TaskUpdate):
2025-07-02T19:26:20.4702749Z          db_task = self.get_task(task_id)
2025-07-02T19:26:20.4703198Z          if not db_task:
2025-07-02T19:26:20.4703562Z              return None
2025-07-02T19:26:20.4703897Z -        
2025-07-02T19:26:20.4704167Z +
2025-07-02T19:26:20.4704546Z          update_data = task_update.dict(exclude_unset=True)
2025-07-02T19:26:20.4705111Z          for field, value in update_data.items():
2025-07-02T19:26:20.4705609Z              setattr(db_task, field, value)
2025-07-02T19:26:20.4706021Z -        
2025-07-02T19:26:20.4706298Z +
2025-07-02T19:26:20.4706573Z          self.db.commit()
2025-07-02T19:26:20.4706968Z          self.db.refresh(db_task)
2025-07-02T19:26:20.4707356Z          return db_task
2025-07-02T19:26:20.4707682Z -    
2025-07-02T19:26:20.4707942Z +
2025-07-02T19:26:20.4708267Z      def delete_task(self, task_id: int) -> bool:
2025-07-02T19:26:20.4708765Z          db_task = self.get_task(task_id)
2025-07-02T19:26:20.4709192Z          if not db_task:
2025-07-02T19:26:20.4709553Z              return False
2025-07-02T19:26:20.4709868Z -        
2025-07-02T19:26:20.4710147Z +
2025-07-02T19:26:20.4710434Z          self.db.delete(db_task)
2025-07-02T19:26:20.4710836Z          self.db.commit()
2025-07-02T19:26:20.4711391Z -        return True 
2025-07-02T19:26:20.4711742Z \ No newline at end of file
2025-07-02T19:26:20.4712087Z +        return True
2025-07-02T19:26:20.4777120Z --- /home/runner/work/campus-connect/campus-connect/backend/app/services/user_service.py	2025-07-02 19:26:03.529671+00:00
2025-07-02T19:26:20.4778650Z +++ /home/runner/work/campus-connect/campus-connect/backend/app/services/user_service.py	2025-07-02 19:26:20.476628+00:00
2025-07-02T19:26:20.4779835Z @@ -3,58 +3,59 @@
2025-07-02T19:26:20.4780255Z  from app.schemas.user import UserCreate, UserUpdate
2025-07-02T19:26:20.4780820Z  from passlib.context import CryptContext
2025-07-02T19:26:20.4781431Z  
2025-07-02T19:26:20.4781875Z  pwd_context = CryptContext(schemes=["bcrypt"], deprecated="auto")
2025-07-02T19:26:20.4782427Z  
2025-07-02T19:26:20.4782670Z +
2025-07-02T19:26:20.4783132Z  class UserService:
2025-07-02T19:26:20.4783503Z      def __init__(self, db: Session):
2025-07-02T19:26:20.4783911Z          self.db = db
2025-07-02T19:26:20.4784215Z -    
2025-07-02T19:26:20.4784477Z +
2025-07-02T19:26:20.4784828Z      def get_password_hash(self, password: str) -> str:
2025-07-02T19:26:20.4785399Z          return pwd_context.hash(password)
2025-07-02T19:26:20.4785810Z -    
2025-07-02T19:26:20.4786067Z +
2025-07-02T19:26:20.4786559Z      def verify_password(self, plain_password: str, hashed_password: str) -> bool:
2025-07-02T19:26:20.4787371Z          return pwd_context.verify(plain_password, hashed_password)
2025-07-02T19:26:20.4787899Z -    
2025-07-02T19:26:20.4788158Z +
2025-07-02T19:26:20.4788503Z      def create_user(self, user: UserCreate) -> User:
2025-07-02T19:26:20.4789067Z          hashed_password = self.get_password_hash(user.password)
2025-07-02T19:26:20.4789597Z          db_user = User(
2025-07-02T19:26:20.4789946Z              email=user.email,
2025-07-02T19:26:20.4790343Z              username=user.username,
2025-07-02T19:26:20.4790764Z              full_name=user.full_name,
2025-07-02T19:26:20.4791424Z -            hashed_password=hashed_password
2025-07-02T19:26:20.4791901Z +            hashed_password=hashed_password,
2025-07-02T19:26:20.4792323Z          )
2025-07-02T19:26:20.4792619Z          self.db.add(db_user)
2025-07-02T19:26:20.4792990Z          self.db.commit()
2025-07-02T19:26:20.4793353Z          self.db.refresh(db_user)
2025-07-02T19:26:20.4793734Z          return db_user
2025-07-02T19:26:20.4794049Z -    
2025-07-02T19:26:20.4794303Z +
2025-07-02T19:26:20.4794651Z      def get_users(self, skip: int = 0, limit: int = 100):
2025-07-02T19:26:20.4795261Z          return self.db.query(User).offset(skip).limit(limit).all()
2025-07-02T19:26:20.4795775Z -    
2025-07-02T19:26:20.4796022Z +
2025-07-02T19:26:20.4796313Z      def get_user(self, user_id: int):
2025-07-02T19:26:20.4796870Z          return self.db.query(User).filter(User.id == user_id).first()
2025-07-02T19:26:20.4797398Z -    
2025-07-02T19:26:20.4797651Z +
2025-07-02T19:26:20.4797961Z      def get_user_by_email(self, email: str):
2025-07-02T19:26:20.4798549Z          return self.db.query(User).filter(User.email == email).first()
2025-07-02T19:26:20.4799078Z -    
2025-07-02T19:26:20.4799334Z +
2025-07-02T19:26:20.4799728Z      def update_user(self, user_id: int, user_update: UserUpdate):
2025-07-02T19:26:20.4800294Z          db_user = self.get_user(user_id)
2025-07-02T19:26:20.4800717Z          if not db_user:
2025-07-02T19:26:20.4801289Z              return None
2025-07-02T19:26:20.4801646Z -        
2025-07-02T19:26:20.4801909Z +
2025-07-02T19:26:20.4802266Z          update_data = user_update.dict(exclude_unset=True)
2025-07-02T19:26:20.4802805Z          for field, value in update_data.items():
2025-07-02T19:26:20.4803290Z              setattr(db_user, field, value)
2025-07-02T19:26:20.4803687Z -        
2025-07-02T19:26:20.4803954Z +
2025-07-02T19:26:20.4804215Z          self.db.commit()
2025-07-02T19:26:20.4804587Z          self.db.refresh(db_user)
2025-07-02T19:26:20.4804971Z          return db_user
2025-07-02T19:26:20.4805293Z -    
2025-07-02T19:26:20.4805544Z +
2025-07-02T19:26:20.4805864Z      def delete_user(self, user_id: int) -> bool:
2025-07-02T19:26:20.4806360Z          db_user = self.get_user(user_id)
2025-07-02T19:26:20.4806777Z          if not db_user:
2025-07-02T19:26:20.4807120Z              return False
2025-07-02T19:26:20.4807437Z -        
2025-07-02T19:26:20.4807702Z +
2025-07-02T19:26:20.4807974Z          self.db.delete(db_user)
2025-07-02T19:26:20.4808586Z          self.db.commit()
2025-07-02T19:26:20.4808922Z -        return True 
2025-07-02T19:26:20.4809270Z \ No newline at end of file
2025-07-02T19:26:20.4809623Z +        return True
2025-07-02T19:26:20.4810358Z would reformat /home/runner/work/campus-connect/campus-connect/backend/app/services/user_service.py
2025-07-02T19:26:20.5055136Z --- /home/runner/work/campus-connect/campus-connect/backend/tests/test_users.py	2025-07-02 19:26:03.529671+00:00
2025-07-02T19:26:20.5056742Z +++ /home/runner/work/campus-connect/campus-connect/backend/tests/test_users.py	2025-07-02 19:26:20.504245+00:00
2025-07-02T19:26:20.5057765Z @@ -7,84 +7,94 @@
2025-07-02T19:26:20.5058237Z  from app.services.user_service import UserService
2025-07-02T19:26:20.5058896Z  from app.schemas.user import UserCreate
2025-07-02T19:26:20.5059345Z  
2025-07-02T19:26:20.5059632Z  # Create test database
2025-07-02T19:26:20.5060086Z  SQLALCHEMY_DATABASE_URL = "sqlite:///./test.db"
2025-07-02T19:26:20.5060966Z -engine = create_engine(SQLALCHEMY_DATABASE_URL, connect_args={"check_same_thread": False})
2025-07-02T19:26:20.5061915Z +engine = create_engine(
2025-07-02T19:26:20.5062475Z +    SQLALCHEMY_DATABASE_URL, connect_args={"check_same_thread": False}
2025-07-02T19:26:20.5063142Z +)
2025-07-02T19:26:20.5063691Z  TestingSessionLocal = sessionmaker(autocommit=False, autoflush=False, bind=engine)
2025-07-02T19:26:20.5064452Z +
2025-07-02T19:26:20.5064730Z  
2025-07-02T19:26:20.5065053Z  def override_get_db():
2025-07-02T19:26:20.5065418Z      try:
2025-07-02T19:26:20.5065755Z          db = TestingSessionLocal()
2025-07-02T19:26:20.5066047Z          yield db
2025-07-02T19:26:20.5066247Z      finally:
2025-07-02T19:26:20.5066411Z          db.close()
2025-07-02T19:26:20.5066580Z  
2025-07-02T19:26:20.5066722Z +
2025-07-02T19:26:20.5067021Z  app.dependency_overrides[get_db] = override_get_db
2025-07-02T19:26:20.5067672Z +
2025-07-02T19:26:20.5067910Z  
2025-07-02T19:26:20.5068225Z  @pytest.fixture(scope="function")
2025-07-02T19:26:20.5068640Z  def test_db():
2025-07-02T19:26:20.5068928Z      Base.metadata.create_all(bind=engine)
2025-07-02T19:26:20.5069348Z      yield
2025-07-02T19:26:20.5069628Z      Base.metadata.drop_all(bind=engine)
2025-07-02T19:26:20.5070035Z  
2025-07-02T19:26:20.5070237Z +
2025-07-02T19:26:20.5070395Z  client = TestClient(app)
2025-07-02T19:26:20.5070588Z +
2025-07-02T19:26:20.5070725Z  
2025-07-02T19:26:20.5070874Z  def test_create_user(test_db):
2025-07-02T19:26:20.5071391Z      """Test creating a new user"""
2025-07-02T19:26:20.5071639Z      user_data = {
2025-07-02T19:26:20.5071841Z          "email": "test@university.edu",
2025-07-02T19:26:20.5072086Z          "username": "testuser",
2025-07-02T19:26:20.5072303Z          "full_name": "Test User",
2025-07-02T19:26:20.5072539Z -        "password": "testpassword123"
2025-07-02T19:26:20.5072791Z +        "password": "testpassword123",
2025-07-02T19:26:20.5073007Z      }
2025-07-02T19:26:20.5073232Z      response = client.post("/api/v1/users/", json=user_data)
2025-07-02T19:26:20.5073544Z      assert response.status_code == 201
2025-07-02T19:26:20.5073777Z      data = response.json()
2025-07-02T19:26:20.5074003Z      assert data["email"] == user_data["email"]
2025-07-02T19:26:20.5074281Z      assert data["username"] == user_data["username"]
2025-07-02T19:26:20.5074581Z      assert data["full_name"] == user_data["full_name"]
2025-07-02T19:26:20.5074834Z      assert "id" in data
2025-07-02T19:26:20.5075047Z      assert "hashed_password" not in data
2025-07-02T19:26:20.5075264Z  
2025-07-02T19:26:20.5075405Z +
2025-07-02T19:26:20.5075577Z  def test_get_users(test_db):
2025-07-02T19:26:20.5075785Z      """Test getting all users"""
2025-07-02T19:26:20.5076004Z      # First create a user
2025-07-02T19:26:20.5076189Z      user_data = {
2025-07-02T19:26:20.5076381Z          "email": "test@university.edu",
2025-07-02T19:26:20.5076612Z          "username": "testuser",
2025-07-02T19:26:20.5076829Z          "full_name": "Test User",
2025-07-02T19:26:20.5077056Z -        "password": "testpassword123"
2025-07-02T19:26:20.5077500Z +        "password": "testpassword123",
2025-07-02T19:26:20.5077724Z      }
2025-07-02T19:26:20.5077920Z      client.post("/api/v1/users/", json=user_data)
2025-07-02T19:26:20.5078164Z -    
2025-07-02T19:26:20.5078306Z +
2025-07-02T19:26:20.5078460Z      # Then get all users
2025-07-02T19:26:20.5078671Z      response = client.get("/api/v1/users/")
2025-07-02T19:26:20.5078936Z      assert response.status_code == 200
2025-07-02T19:26:20.5079274Z      data = response.json()
2025-07-02T19:26:20.5079486Z      assert len(data) >= 1
2025-07-02T19:26:20.5079704Z      assert data[0]["email"] == user_data["email"]
2025-07-02T19:26:20.5079938Z +
2025-07-02T19:26:20.5080073Z  
2025-07-02T19:26:20.5080233Z  def test_get_user(test_db):
2025-07-02T19:26:20.5080452Z      """Test getting a specific user"""
2025-07-02T19:26:20.5080672Z      # First create a user
2025-07-02T19:26:20.5080866Z      user_data = {
2025-07-02T19:26:20.5081047Z          "email": "test@university.edu",
2025-07-02T19:26:20.5081536Z          "username": "testuser",
2025-07-02T19:26:20.5081750Z          "full_name": "Test User",
2025-07-02T19:26:20.5081981Z -        "password": "testpassword123"
2025-07-02T19:26:20.5082217Z +        "password": "testpassword123",
2025-07-02T19:26:20.5082432Z      }
2025-07-02T19:26:20.5082665Z      create_response = client.post("/api/v1/users/", json=user_data)
2025-07-02T19:26:20.5082984Z      user_id = create_response.json()["id"]
2025-07-02T19:26:20.5083216Z -    
2025-07-02T19:26:20.5083354Z +
2025-07-02T19:26:20.5083510Z      # Then get the specific user
2025-07-02T19:26:20.5083759Z      response = client.get(f"/api/v1/users/{user_id}")
2025-07-02T19:26:20.5084036Z      assert response.status_code == 200
2025-07-02T19:26:20.5084265Z      data = response.json()
2025-07-02T19:26:20.5084467Z      assert data["id"] == user_id
2025-07-02T19:26:20.5084694Z      assert data["email"] == user_data["email"]
2025-07-02T19:26:20.5084922Z  
2025-07-02T19:26:20.5085055Z +
2025-07-02T19:26:20.5085216Z  def test_get_user_not_found(test_db):
2025-07-02T19:26:20.5085471Z      """Test getting a user that doesn't exist"""
2025-07-02T19:26:20.5085733Z      response = client.get("/api/v1/users/999")
2025-07-02T19:26:20.5085989Z      assert response.status_code == 404
2025-07-02T19:26:20.5086262Z -    assert response.json()["detail"] == "User not found" 
2025-07-02T19:26:20.5086552Z \ No newline at end of file
2025-07-02T19:26:20.5086797Z +    assert response.json()["detail"] == "User not found"
2025-07-02T19:26:20.5087244Z would reformat /home/runner/work/campus-connect/campus-connect/backend/tests/test_users.py
2025-07-02T19:26:20.5146849Z 
2025-07-02T19:26:20.5147813Z Oh no! 💥 💔 💥
2025-07-02T19:26:20.5148159Z 20 files would be reformatted.
2025-07-02T19:26:20.5412645Z ##[error]Process completed with exit code 1.
2025-07-02T19:26:20.5494830Z Post job cleanup.
2025-07-02T19:26:20.6435082Z [command]/usr/bin/git version
2025-07-02T19:26:20.6470842Z git version 2.49.0
2025-07-02T19:26:20.6515365Z Temporarily overriding HOME='/home/runner/work/_temp/0e9b37ff-6d5a-4c65-8107-2cf025b06905' before making global git config changes
2025-07-02T19:26:20.6516689Z Adding repository directory to the temporary git global config as a safe directory
2025-07-02T19:26:20.6521985Z [command]/usr/bin/git config --global --add safe.directory /home/runner/work/campus-connect/campus-connect
2025-07-02T19:26:20.6563256Z [command]/usr/bin/git config --local --name-only --get-regexp core\.sshCommand
2025-07-02T19:26:20.6596225Z [command]/usr/bin/git submodule foreach --recursive sh -c "git config --local --name-only --get-regexp 'core\.sshCommand' && git config --local --unset-all 'core.sshCommand' || :"
2025-07-02T19:26:20.6828698Z [command]/usr/bin/git config --local --name-only --get-regexp http\.https\:\/\/github\.com\/\.extraheader
2025-07-02T19:26:20.6850219Z http.https://github.com/.extraheader
2025-07-02T19:26:20.6862610Z [command]/usr/bin/git config --local --unset-all http.https://github.com/.extraheader
2025-07-02T19:26:20.6893101Z [command]/usr/bin/git submodule foreach --recursive sh -c "git config --local --name-only --get-regexp 'http\.https\:\/\/github\.com\/\.extraheader' && git config --local --unset-all 'http.https://github.com/.extraheader' || :"
2025-07-02T19:26:20.7246260Z Print service container logs: f26036827ff041e1b0d13f11f7882758_postgres13_ea9b25
2025-07-02T19:26:20.7252967Z ##[command]/usr/bin/docker logs --details 6f89fbc8966031f254f29c3574adeddb04633544c7f97c32eae014a090bf8f91
2025-07-02T19:26:20.7376592Z  The files belonging to this database system will be owned by user "postgres".
2025-07-02T19:26:20.7377301Z  This user must also own the server process.
2025-07-02T19:26:20.7377718Z  
2025-07-02T19:26:20.7378220Z  The database cluster will be initialized with locale "en_US.utf8".
2025-07-02T19:26:20.7378926Z  The default database encoding has accordingly been set to "UTF8".
2025-07-02T19:26:20.7379592Z  The default text search configuration will be set to "english".
2025-07-02T19:26:20.7380099Z  
2025-07-02T19:26:20.7380387Z  Data page checksums are disabled.
2025-07-02T19:26:20.7380761Z  
2025-07-02T19:26:20.7381385Z  fixing permissions on existing directory /var/lib/postgresql/data ... ok
2025-07-02T19:26:20.7382080Z  creating subdirectories ... ok
2025-07-02T19:26:20.7382570Z  selecting dynamic shared memory implementation ... posix
2025-07-02T19:26:20.7383124Z  selecting default max_connections ... 100
2025-07-02T19:26:20.7383584Z  selecting default shared_buffers ... 128MB
2025-07-02T19:26:20.7384035Z  selecting default time zone ... Etc/UTC
2025-07-02T19:26:20.7384474Z  creating configuration files ... ok
2025-07-02T19:26:20.7385844Z  initdb: warning: enabling "trust" authentication for local connections
2025-07-02T19:26:20.7386600Z  You can change this by editing pg_hba.conf or using the option -A, or
2025-07-02T19:26:20.7387277Z  --auth-local and --auth-host, the next time you run initdb.
2025-07-02T19:26:20.7388320Z  2025-07-02 19:25:49.908 UTC [1] LOG:  starting PostgreSQL 13.21 (Debian 13.21-1.pgdg120+1) on x86_64-pc-linux-gnu, compiled by gcc (Debian 12.2.0-14) 12.2.0, 64-bit
2025-07-02T19:26:20.7389404Z  2025-07-02 19:25:49.908 UTC [1] LOG:  listening on IPv4 address "0.0.0.0", port 5432
2025-07-02T19:26:20.7390113Z  2025-07-02 19:25:49.908 UTC [1] LOG:  listening on IPv6 address "::", port 5432
2025-07-02T19:26:20.7390883Z  2025-07-02 19:25:49.909 UTC [1] LOG:  listening on Unix socket "/var/run/postgresql/.s.PGSQL.5432"
2025-07-02T19:26:20.7391948Z  2025-07-02 19:25:49.911 UTC [63] LOG:  database system was shut down at 2025-07-02 19:25:49 UTC
2025-07-02T19:26:20.7392717Z  2025-07-02 19:25:49.916 UTC [1] LOG:  database system is ready to accept connections
2025-07-02T19:26:20.7393376Z  2025-07-02 19:25:58.989 UTC [77] FATAL:  role "root" does not exist
2025-07-02T19:26:20.7393964Z  2025-07-02 19:26:09.061 UTC [85] FATAL:  role "root" does not exist
2025-07-02T19:26:20.7394525Z  2025-07-02 19:26:19.126 UTC [93] FATAL:  role "root" does not exist
2025-07-02T19:26:20.7395214Z  running bootstrap script ... ok
2025-07-02T19:26:20.7395698Z  performing post-bootstrap initialization ... ok
2025-07-02T19:26:20.7396167Z  syncing data to disk ... ok
2025-07-02T19:26:20.7396507Z  
2025-07-02T19:26:20.7396741Z  
2025-07-02T19:26:20.7397091Z  Success. You can now start the database server using:
2025-07-02T19:26:20.7397358Z  
2025-07-02T19:26:20.7397569Z      pg_ctl -D /var/lib/postgresql/data -l logfile start
2025-07-02T19:26:20.7397832Z  
2025-07-02T19:26:20.7398384Z  waiting for server to start....2025-07-02 19:25:49.606 UTC [48] LOG:  starting PostgreSQL 13.21 (Debian 13.21-1.pgdg120+1) on x86_64-pc-linux-gnu, compiled by gcc (Debian 12.2.0-14) 12.2.0, 64-bit
2025-07-02T19:26:20.7399129Z  2025-07-02 19:25:49.607 UTC [48] LOG:  listening on Unix socket "/var/run/postgresql/.s.PGSQL.5432"
2025-07-02T19:26:20.7399595Z  2025-07-02 19:25:49.609 UTC [49] LOG:  database system was shut down at 2025-07-02 19:25:49 UTC
2025-07-02T19:26:20.7400026Z  2025-07-02 19:25:49.614 UTC [48] LOG:  database system is ready to accept connections
2025-07-02T19:26:20.7400573Z   done
2025-07-02T19:26:20.7400728Z  server started
2025-07-02T19:26:20.7400901Z  CREATE DATABASE
2025-07-02T19:26:20.7401057Z  
2025-07-02T19:26:20.7401443Z  
2025-07-02T19:26:20.7401955Z  /usr/local/bin/docker-entrypoint.sh: ignoring /docker-entrypoint-initdb.d/*
2025-07-02T19:26:20.7402313Z  
2025-07-02T19:26:20.7402538Z  2025-07-02 19:25:49.787 UTC [48] LOG:  received fast shutdown request
2025-07-02T19:26:20.7402974Z  waiting for server to shut down....2025-07-02 19:25:49.787 UTC [48] LOG:  aborting any active transactions
2025-07-02T19:26:20.7403555Z  2025-07-02 19:25:49.789 UTC [48] LOG:  background worker "logical replication launcher" (PID 55) exited with exit code 1
2025-07-02T19:26:20.7404010Z  2025-07-02 19:25:49.789 UTC [50] LOG:  shutting down
2025-07-02T19:26:20.7404315Z  2025-07-02 19:25:49.796 UTC [48] LOG:  database system is shut down
2025-07-02T19:26:20.7404585Z   done
2025-07-02T19:26:20.7404738Z  server stopped
2025-07-02T19:26:20.7404903Z  
2025-07-02T19:26:20.7405108Z  PostgreSQL init process complete; ready for start up.
2025-07-02T19:26:20.7405363Z  
2025-07-02T19:26:20.7410791Z Stop and remove container: f26036827ff041e1b0d13f11f7882758_postgres13_ea9b25
2025-07-02T19:26:20.7415644Z ##[command]/usr/bin/docker rm --force 6f89fbc8966031f254f29c3574adeddb04633544c7f97c32eae014a090bf8f91
2025-07-02T19:26:20.9953398Z 6f89fbc8966031f254f29c3574adeddb04633544c7f97c32eae014a090bf8f91
2025-07-02T19:26:20.9980198Z Remove container network: github_network_9783614050674ea4b32cfa30758fe4e0
2025-07-02T19:26:20.9984763Z ##[command]/usr/bin/docker network rm github_network_9783614050674ea4b32cfa30758fe4e0
2025-07-02T19:26:21.1068362Z github_network_9783614050674ea4b32cfa30758fe4e0
2025-07-02T19:26:21.1127605Z Cleaning up orphan processes
